 slidemodecontrol_sfun

 Timestamp is 5afbb82b (Wed May 16 12:48:43 2018)

 Preferred load address is 0000000180000000

 Start         Length     Name                   Class
 0001:00000000 000108c3H .text$mn                CODE
 0001:000108d0 00000012H .text$mn$00             CODE
 0001:000108e2 00000081H .text$x                 CODE
 0002:00000000 000004f0H .idata$5                DATA
 0002:000004f0 00000010H .00cfg                  DATA
 0002:00000500 00000008H .CRT$XCA                DATA
 0002:00000508 00000008H .CRT$XCZ                DATA
 0002:00000510 00000008H .CRT$XIA                DATA
 0002:00000518 00000008H .CRT$XIZ                DATA
 0002:00000520 00000008H .CRT$XPA                DATA
 0002:00000528 00000008H .CRT$XPZ                DATA
 0002:00000530 00000008H .CRT$XTA                DATA
 0002:00000538 00000008H .CRT$XTZ                DATA
 0002:00000540 00000224H .rdata                  DATA
 0002:00000764 0000022cH .rdata$zzzdbg           DATA
 0002:00000990 00000008H .rtc$IAA                DATA
 0002:00000998 00000008H .rtc$IZZ                DATA
 0002:000009a0 00000008H .rtc$TAA                DATA
 0002:000009a8 00000008H .rtc$TZZ                DATA
 0002:000009b0 00000864H .xdata                  DATA
 0002:00001220 0000007fH .edata                  DATA
 0002:000012a0 000000dcH .idata$2                DATA
 0002:0000137c 00000014H .idata$3                DATA
 0002:00001390 000004f0H .idata$4                DATA
 0002:00001880 00000edaH .idata$6                DATA
 0003:00000000 00002e04H .data                   DATA
 0003:00002e10 00001630H .bss                    DATA
 0004:00000000 00000a20H .pdata                  DATA
 0005:00000000 00000018H .gfids$y                DATA

  Address         Publics by Value              Rva+Base               Lib:Object

 0000:00000000       __guard_longjmp_count      0000000000000000     <absolute>
 0000:00000000       ___safe_se_handler_count   0000000000000000     <absolute>
 0000:00000000       __guard_longjmp_table      0000000000000000     <absolute>
 0000:00000000       __guard_iat_table          0000000000000000     <absolute>
 0000:00000000       __guard_iat_count          0000000000000000     <absolute>
 0000:00000000       __guard_fids_count         0000000000000000     <absolute>
 0000:00000000       ___safe_se_handler_table   0000000000000000     <absolute>
 0000:00000000       __guard_fids_table         0000000000000000     <absolute>
 0000:00000100       __guard_flags              0000000000000100     <absolute>
 0000:00000000       __ImageBase                0000000180000000     <linker-defined>
 0001:00000000       slidemodecontrol_initializer 0000000180001000 f   slidemodecontrol_sfun.obj
 0001:00000010       slidemodecontrol_terminator 0000000180001010 f   slidemodecontrol_sfun.obj
 0001:00000020       load_slidemodecontrol_optimization_info 0000000180001020 f   slidemodecontrol_sfun.obj
 0001:000000d0       unload_slidemodecontrol_optimization_info 00000001800010d0 f   slidemodecontrol_sfun.obj
 0001:00000100       sf_slidemodecontrol_method_dispatcher 0000000180001100 f   slidemodecontrol_sfun.obj
 0001:00000150       sf_slidemodecontrol_process_check_sum_call 0000000180001150 f   slidemodecontrol_sfun.obj
 0001:00000640       sf_slidemodecontrol_autoinheritance_info 0000000180001640 f   slidemodecontrol_sfun.obj
 0001:00000820       sf_slidemodecontrol_get_eml_resolved_functions_info 0000000180001820 f   slidemodecontrol_sfun.obj
 0001:00000a00       sf_slidemodecontrol_third_party_uses_info 0000000180001a00 f   slidemodecontrol_sfun.obj
 0001:00000bd0       sf_slidemodecontrol_jit_fallback_info 0000000180001bd0 f   slidemodecontrol_sfun.obj
 0001:00000da0       sf_slidemodecontrol_updateBuildInfo_args_info 0000000180001da0 f   slidemodecontrol_sfun.obj
 0001:00000f70       slidemodecontrol_debug_initialize 0000000180001f70 f   slidemodecontrol_sfun.obj
 0001:00000ff0       slidemodecontrol_register_exported_symbols 0000000180001ff0 f   slidemodecontrol_sfun.obj
 0001:00001000       sf_c6_slidemodecontrol_get_eml_resolved_functions_info 0000000180002000 f   c6_slidemodecontrol.obj
 0001:00001080       sf_c6_slidemodecontrol_get_check_sum 0000000180002080 f   c6_slidemodecontrol.obj
 0001:00001150       c6_slidemodecontrol_method_dispatcher 0000000180002150 f   c6_slidemodecontrol.obj
 0001:00004580       sf_c6_slidemodecontrol_get_post_codegen_info 0000000180005580 f   c6_slidemodecontrol.obj
 0001:00004650       sf_c6_slidemodecontrol_get_autoinheritance_info 0000000180005650 f   c6_slidemodecontrol.obj
 0001:00004fa0       sf_c6_slidemodecontrol_third_party_uses_info 0000000180005fa0 f   c6_slidemodecontrol.obj
 0001:00004fd0       sf_c6_slidemodecontrol_jit_fallback_info 0000000180005fd0 f   c6_slidemodecontrol.obj
 0001:00005160       sf_c6_slidemodecontrol_updateBuildInfo_args_info 0000000180006160 f   c6_slidemodecontrol.obj
 0001:00005f40       mexFunction                0000000180006f40 f   slidemodecontrol_sfun_registry.obj
 0001:00008500       _ssSetInputPortDirectFeedThroughFcn 0000000180009500 f   slidemodecontrol_sfun_registry.obj
 0001:00008670       _ssGetInputPortSignalPtrsFcn 0000000180009670 f   slidemodecontrol_sfun_registry.obj
 0001:00008a00       _ssGetInputPortSignalFcn   0000000180009a00 f   slidemodecontrol_sfun_registry.obj
 0001:00008d90       _ssSetInputPortReusableFcn 0000000180009d90 f   slidemodecontrol_sfun_registry.obj
 0001:00008e90       _ssSetOutputPortReusableFcn 0000000180009e90 f   slidemodecontrol_sfun_registry.obj
 0001:00008f90       _ssSetSymbolicDimsSupport  0000000180009f90 f   slidemodecontrol_sfun_registry.obj
 0001:00009000       _ssRegisterSymbolicDimsExpr 000000018000a000 f   slidemodecontrol_sfun_registry.obj
 0001:00009080       _ssRegisterSymbolicDims    000000018000a080 f   slidemodecontrol_sfun_registry.obj
 0001:00009120       _ssRegisterSymbolicDimsString 000000018000a120 f   slidemodecontrol_sfun_registry.obj
 0001:000091a0       _ssRegisterSymbolicDimsIntValue 000000018000a1a0 f   slidemodecontrol_sfun_registry.obj
 0001:00009210       _ssRegisterSymbolicDimsPlus 000000018000a210 f   slidemodecontrol_sfun_registry.obj
 0001:00009290       _ssRegisterSymbolicDimsMinus 000000018000a290 f   slidemodecontrol_sfun_registry.obj
 0001:00009310       _ssRegisterSymbolicDimsMultiply 000000018000a310 f   slidemodecontrol_sfun_registry.obj
 0001:00009390       _ssRegisterSymbolicDimsDivide 000000018000a390 f   slidemodecontrol_sfun_registry.obj
 0001:00009410       _ssGetNumSymbolicDims      000000018000a410 f   slidemodecontrol_sfun_registry.obj
 0001:00009480       _ssGetSymbolicDim          000000018000a480 f   slidemodecontrol_sfun_registry.obj
 0001:00009500       _ssSetInputPortSymbolicDimsId 000000018000a500 f   slidemodecontrol_sfun_registry.obj
 0001:00009570       _ssGetCompInputPortSymbolicDimsId 000000018000a570 f   slidemodecontrol_sfun_registry.obj
 0001:000095e0       _ssSetCompInputPortSymbolicDimsId 000000018000a5e0 f   slidemodecontrol_sfun_registry.obj
 0001:00009650       _ssSetOutputPortSymbolicDimsId 000000018000a650 f   slidemodecontrol_sfun_registry.obj
 0001:000096c0       _ssGetCompOutputPortSymbolicDimsId 000000018000a6c0 f   slidemodecontrol_sfun_registry.obj
 0001:00009730       _ssSetCompOutputPortSymbolicDimsId 000000018000a730 f   slidemodecontrol_sfun_registry.obj
 0001:000097a0       _ssSetCompDWorkSymbolicDimsId 000000018000a7a0 f   slidemodecontrol_sfun_registry.obj
 0001:00009810       ssGetIsZeroCrossControlDisabled 000000018000a810 f   slidemodecontrol_sfun_registry.obj
 0001:00009880       ssSetIsInputPortUsedForContZcSignal 000000018000a880 f   slidemodecontrol_sfun_registry.obj
 0001:000098f0       ssSetZcSignalIsZcElementDisc 000000018000a8f0 f   slidemodecontrol_sfun_registry.obj
 0001:000099a0       ssSetZcSignalName          000000018000a9a0 f   slidemodecontrol_sfun_registry.obj
 0001:00009a10       ssSetZcSignalWidth         000000018000aa10 f   slidemodecontrol_sfun_registry.obj
 0001:00009a80       ssSetZcSignalZcEventType   000000018000aa80 f   slidemodecontrol_sfun_registry.obj
 0001:00009af0       ssSetZcSignalType          000000018000aaf0 f   slidemodecontrol_sfun_registry.obj
 0001:00009b60       ssSetZcSignalZcTol         000000018000ab60 f   slidemodecontrol_sfun_registry.obj
 0001:00009bd0       ssSetZcSignalNeedsEventNotification 000000018000abd0 f   slidemodecontrol_sfun_registry.obj
 0001:00009c40       ssCreateAndAddZcSignalInfo 000000018000ac40 f   slidemodecontrol_sfun_registry.obj
 0001:00009cb0       ssCloneAndAddZcSignalInfo  000000018000acb0 f   slidemodecontrol_sfun_registry.obj
 0001:00009d20       ssGetNumZcSignals          000000018000ad20 f   slidemodecontrol_sfun_registry.obj
 0001:00009d90       ssGetZcSignalVector        000000018000ad90 f   slidemodecontrol_sfun_registry.obj
 0001:00009e00       ssGetZcSignalName          000000018000ae00 f   slidemodecontrol_sfun_registry.obj
 0001:00009e70       ssGetZcSignalWidth         000000018000ae70 f   slidemodecontrol_sfun_registry.obj
 0001:00009ee0       ssGetZcSignalZcEventType   000000018000aee0 f   slidemodecontrol_sfun_registry.obj
 0001:00009f50       ssGetZcSignalZcEvents      000000018000af50 f   slidemodecontrol_sfun_registry.obj
 0001:00009fc0       ssGetZcSignalType          000000018000afc0 f   slidemodecontrol_sfun_registry.obj
 0001:0000a030       ssGetZcSignalZcTol         000000018000b030 f   slidemodecontrol_sfun_registry.obj
 0001:0000a0b0       ssGetZcSignalNeedsEventNotification 000000018000b0b0 f   slidemodecontrol_sfun_registry.obj
 0001:0000a120       ssGetZcSignalIsZcElementDisc 000000018000b120 f   slidemodecontrol_sfun_registry.obj
 0001:0000a1c0       ssGetIsInputPortElementContinuous 000000018000b1c0 f   slidemodecontrol_sfun_registry.obj
 0001:0000a260       _ssSetIWorkValueFcn        000000018000b260 f   slidemodecontrol_sfun_registry.obj
 0001:0000a2e0       _ssGetIWorkValueFcn        000000018000b2e0 f   slidemodecontrol_sfun_registry.obj
 0001:0000a350       _ssSetRWorkValueFcn        000000018000b350 f   slidemodecontrol_sfun_registry.obj
 0001:0000a3d0       _ssGetRWorkValueFcn        000000018000b3d0 f   slidemodecontrol_sfun_registry.obj
 0001:0000a440       _ssSetPWorkValueFcn        000000018000b440 f   slidemodecontrol_sfun_registry.obj
 0001:0000a4c0       _ssGetPWorkValueFcn        000000018000b4c0 f   slidemodecontrol_sfun_registry.obj
 0001:0000a530       ssGetDTypeIdFromMxArray    000000018000b530 f   slidemodecontrol_sfun_registry.obj
 0001:0000a650       ssWriteRTWStr              000000018000b650 f   slidemodecontrol_sfun_registry.obj
 0001:0000a6b0       ssWriteRTWNameValuePair    000000018000b6b0 f   slidemodecontrol_sfun_registry.obj
 0001:0000abb0       ssWriteRTWParamSettings    000000018000bbb0 f   slidemodecontrol_sfun_registry.obj
 0001:0000b2a0       ssWriteRTWParameters       000000018000c2a0 f   slidemodecontrol_sfun_registry.obj
 0001:0000b860       ssWriteRTWWorkVect         000000018000c860 f   slidemodecontrol_sfun_registry.obj
 0001:0000bdc0       ssWriteRTWMxVectParam      000000018000cdc0 f   slidemodecontrol_sfun_registry.obj
 0001:0000be40       ssWriteRTWMx2dMatParam     000000018000ce40 f   slidemodecontrol_sfun_registry.obj
 0001:0000bed0       _ssSetInputPortMatrixDimensions 000000018000ced0 f   slidemodecontrol_sfun_registry.obj
 0001:0000bff0       _ssSetOutputPortMatrixDimensions 000000018000cff0 f   slidemodecontrol_sfun_registry.obj
 0001:0000c110       _ssSetInputPortVectorDimension 000000018000d110 f   slidemodecontrol_sfun_registry.obj
 0001:0000c1c0       _ssSetOutputPortVectorDimension 000000018000d1c0 f   slidemodecontrol_sfun_registry.obj
 0001:0000c270       ssIsRunTimeParamTunable    000000018000d270 f   slidemodecontrol_sfun_registry.obj
 0001:0000c2e0       ssGetSFuncBlockHandle      000000018000d2e0 f   slidemodecontrol_sfun_registry.obj
 0001:0000c350       _ssGetCurrentInputPortWidth 000000018000d350 f   slidemodecontrol_sfun_registry.obj
 0001:0000c470       _ssGetCurrentOutputPortWidth 000000018000d470 f   slidemodecontrol_sfun_registry.obj
 0001:0000c590       _ssGetCallSystemNumFcnCallDestinations 000000018000d590 f   slidemodecontrol_sfun_registry.obj
 0001:0000c600       ssGetParameterTuningCompliance 000000018000d600 f   slidemodecontrol_sfun_registry.obj
 0001:0000c670       ssWarning                  000000018000d670 f   slidemodecontrol_sfun_registry.obj
 0001:0000c760       _ssGetAbsTol               000000018000d760 f   slidemodecontrol_sfun_registry.obj
 0001:0000c7d0       _ssSetStateAbsTol          000000018000d7d0 f   slidemodecontrol_sfun_registry.obj
 0001:0000c8b0       sf_process_check_sum_call  000000018000d8b0 f   slidemodecontrol_sfun_registry.obj
 0001:0000c900       sf_process_autoinheritance_call 000000018000d900 f   slidemodecontrol_sfun_registry.obj
 0001:0000cb30       sf_process_get_third_party_uses_info_call 000000018000db30 f   slidemodecontrol_sfun_registry.obj
 0001:0000cd60       sf_process_get_jit_fallback_info_call 000000018000dd60 f   slidemodecontrol_sfun_registry.obj
 0001:0000cf90       sf_process_get_updateBuildInfo_args_info_call 000000018000df90 f   slidemodecontrol_sfun_registry.obj
 0001:0000d1c0       sf_process_get_eml_resolved_functions_info_call 000000018000e1c0 f   slidemodecontrol_sfun_registry.obj
 0001:0000d3f0       sf_mex_unlock_call         000000018000e3f0 f   slidemodecontrol_sfun_registry.obj
 0001:0000d690       sf_machine_global_initializer_called 000000018000e690 f   slidemodecontrol_sfun_registry.obj
 0001:0000d6c0       sf_machine_global_method_dispatcher 000000018000e6c0 f   slidemodecontrol_sfun_registry.obj
 0001:0000d720       sf_machine_global_terminator 000000018000e720 f   slidemodecontrol_sfun_registry.obj
 0001:0000d770       sf_register_machine_exported_symbols 000000018000e770 f   slidemodecontrol_sfun_registry.obj
 0001:0000d790       callCustomFcn              000000018000e790 f   slidemodecontrol_sfun_registry.obj
 0001:0000d7a0       sf_machine_global_initializer 000000018000e7a0 f   slidemodecontrol_sfun_registry.obj
 0001:0000d820       mdlGetSimState             000000018000e820 f   slidemodecontrol_sfun_registry.obj
 0001:0000d860       mdlSetSimState             000000018000e860 f   slidemodecontrol_sfun_registry.obj
 0001:0000e0d0       ProcessMexSfunctionEveryCall 000000018000f0d0 f   slidemodecontrol_sfun_registry.obj
 0001:0000f130       __local_stdio_printf_options 0000000180010130 f i slidemodecontrol_sfun_registry.obj
 0001:0000f140       _vsnprintf_l               0000000180010140 f i slidemodecontrol_sfun_registry.obj
 0001:0000f1c0       _vsprintf_l                00000001800101c0 f i slidemodecontrol_sfun_registry.obj
 0001:0000f210       sprintf                    0000000180010210 f i slidemodecontrol_sfun_registry.obj
 0001:0000f260       mexfilerequiredapiversion  0000000180010260 f   c_mexapi_version.obj
 0001:0000f282       sf_load_rtw_optimization_info 0000000180010282 f   sf_runtime:sf_runtime.dll
 0001:0000f288       sf_debug_initialize_machine 0000000180010288 f   sf_runtime:sf_runtime.dll
 0001:0000f28e       sf_debug_set_machine_event_thresholds 000000018001028e f   sf_runtime:sf_runtime.dll
 0001:0000f294       sf_debug_set_machine_data_thresholds 0000000180010294 f   sf_runtime:sf_runtime.dll
 0001:0000f29a       sf_init_ChartRunTimeInfo   000000018001029a f   sf_runtime:sf_runtime.dll
 0001:0000f2a0       sf_free_ChartRunTimeInfo   00000001800102a0 f   sf_runtime:sf_runtime.dll
 0001:0000f2a6       sfrtGetEmlrtCtx            00000001800102a6 f   sf_runtime:sf_runtime.dll
 0001:0000f2ac       sf_get_chart_instance_ptr  00000001800102ac f   sf_runtime:sf_runtime.dll
 0001:0000f2b2       sf_rtw_info_uint_prop      00000001800102b2 f   sf_runtime:sf_runtime.dll
 0001:0000f2b8       sf_update_buildInfo        00000001800102b8 f   sf_runtime:sf_runtime.dll
 0001:0000f2be       sf_is_chart_inlinable      00000001800102be f   sf_runtime:sf_runtime.dll
 0001:0000f2c4       sf_mark_chart_reusable_outputs 00000001800102c4 f   sf_runtime:sf_runtime.dll
 0001:0000f2ca       sf_mark_chart_expressionable_inputs 00000001800102ca f   sf_runtime:sf_runtime.dll
 0001:0000f2d0       sim_mode_is_rtw_gen        00000001800102d0 f   sf_runtime:sf_runtime.dll
 0001:0000f2d6       sim_mode_is_external       00000001800102d6 f   sf_runtime:sf_runtime.dll
 0001:0000f2dc       sim_mode_is_modelref_sim   00000001800102dc f   sf_runtime:sf_runtime.dll
 0001:0000f2e2       sf_clear_rtw_identifier    00000001800102e2 f   sf_runtime:sf_runtime.dll
 0001:0000f2e8       sf_set_rtw_dwork_info      00000001800102e8 f   sf_runtime:sf_runtime.dll
 0001:0000f2ee       sf_get_time                00000001800102ee f   sf_runtime:sf_runtime.dll
 0001:0000f2f4       sf_is_first_init_cond      00000001800102f4 f   sf_runtime:sf_runtime.dll
 0001:0000f2fa       sf_set_chart_accesses_machine_info 00000001800102fa f   sf_runtime:sf_runtime.dll
 0001:0000f300       sf_register_codegen_names_for_scoped_functions_defined_by_chart 0000000180010300 f   sf_runtime:sf_runtime.dll
 0001:0000f306       ssSetBlockIsPurelyCombinatorial_wrapper 0000000180010306 f   sf_runtime:sf_runtime.dll
 0001:0000f30c       sf_mex_call_debug          000000018001030c f   sf_runtime:sf_runtime.dll
 0001:0000f312       sf_mex_error_message       0000000180010312 f   sf_runtime:sf_runtime.dll
 0001:0000f318       sf_mex_create              0000000180010318 f   sf_runtime:sf_runtime.dll
 0001:0000f31e       sf_mex_createcellmatrix    000000018001031e f   sf_runtime:sf_runtime.dll
 0001:0000f324       sf_mex_setcell             0000000180010324 f   sf_runtime:sf_runtime.dll
 0001:0000f32a       sf_mex_getcell             000000018001032a f   sf_runtime:sf_runtime.dll
 0001:0000f330       sf_mex_assign              0000000180010330 f   sf_runtime:sf_runtime.dll
 0001:0000f336       sf_mex_dup                 0000000180010336 f   sf_runtime:sf_runtime.dll
 0001:0000f33c       sf_mex_destroy             000000018001033c f   sf_runtime:sf_runtime.dll
 0001:0000f342       sf_mex_import              0000000180010342 f   sf_runtime:sf_runtime.dll
 0001:0000f348       sf_mex_decode_encoded_mx_struct_array 0000000180010348 f   sf_runtime:sf_runtime.dll
 0001:0000f34e       ssGetInputPortSignal_wrapper 000000018001034e f   sf_runtime:sf_runtime.dll
 0001:0000f354       ssGetOutputPortSignal_wrapper 0000000180010354 f   sf_runtime:sf_runtime.dll
 0001:0000f35a       sf_debug_initialize_chart  000000018001035a f   sf_runtime:sf_runtime.dll
 0001:0000f360       sf_debug_call              0000000180010360 f   sf_runtime:sf_runtime.dll
 0001:0000f366       eml_debug_line_call        0000000180010366 f   sf_runtime:sf_runtime.dll
 0001:0000f36c       cv_eml_eval                000000018001036c f   sf_runtime:sf_runtime.dll
 0001:0000f372       cv_eval_relational         0000000180010372 f   sf_runtime:sf_runtime.dll
 0001:0000f378       cv_eml_init_script         0000000180010378 f   sf_runtime:sf_runtime.dll
 0001:0000f37e       cv_eml_init_fcn            000000018001037e f   sf_runtime:sf_runtime.dll
 0001:0000f384       cv_eml_init_if             0000000180010384 f   sf_runtime:sf_runtime.dll
 0001:0000f38a       cv_eml_init_relational     000000018001038a f   sf_runtime:sf_runtime.dll
 0001:0000f390       sf_debug_reset_current_state_configuration 0000000180010390 f   sf_runtime:sf_runtime.dll
 0001:0000f396       sf_debug_check_for_state_inconsistency 0000000180010396 f   sf_runtime:sf_runtime.dll
 0001:0000f39c       sf_debug_set_chart_data_props 000000018001039c f   sf_runtime:sf_runtime.dll
 0001:0000f3a2       sf_debug_set_chart_data_compiled_props 00000001800103a2 f   sf_runtime:sf_runtime.dll
 0001:0000f3a8       sf_debug_symbol_scope_push 00000001800103a8 f   sf_runtime:sf_runtime.dll
 0001:0000f3ae       sf_debug_symbol_scope_push_eml 00000001800103ae f   sf_runtime:sf_runtime.dll
 0001:0000f3b4       sf_debug_symbol_scope_pop  00000001800103b4 f   sf_runtime:sf_runtime.dll
 0001:0000f3ba       sf_debug_symbol_scope_add_eml 00000001800103ba f   sf_runtime:sf_runtime.dll
 0001:0000f3c0       sf_debug_symbol_scope_add_eml_importable 00000001800103c0 f   sf_runtime:sf_runtime.dll
 0001:0000f3c6       sf_debug_set_instance_data_value_ptr 00000001800103c6 f   sf_runtime:sf_runtime.dll
 0001:0000f3cc       sf_debug_set_chart_disable_implicit_casting 00000001800103cc f   sf_runtime:sf_runtime.dll
 0001:0000f3d2       sf_debug_set_chart_event_thresholds 00000001800103d2 f   sf_runtime:sf_runtime.dll
 0001:0000f3d8       sf_debug_set_chart_state_info 00000001800103d8 f   sf_runtime:sf_runtime.dll
 0001:0000f3de       sf_debug_set_chart_decomposition 00000001800103de f   sf_runtime:sf_runtime.dll
 0001:0000f3e4       sf_debug_set_chart_substate_count 00000001800103e4 f   sf_runtime:sf_runtime.dll
 0001:0000f3ea       sf_debug_data_range_wrapper 00000001800103ea f   sf_runtime:sf_runtime.dll
 0001:0000f3f0       sf_debug_cv_init_trans     00000001800103f0 f   sf_runtime:sf_runtime.dll
 0001:0000f3f6       sf_debug_cv_init_chart     00000001800103f6 f   sf_runtime:sf_runtime.dll
 0001:0000f3fc       sf_debug_cv_init_state     00000001800103fc f   sf_runtime:sf_runtime.dll
 0001:0000f402       sf_get_ChartInfoStruct_CodeGen 0000000180010402 f   sf_runtime:sf_runtime.dll
 0001:0000f408       sf_get_hasSeparateUpdateOutputs 0000000180010408 f   sf_runtime:sf_runtime.dll
 0001:0000f40e       callMdlMethodAndReportError 000000018001040e f   sf_runtime:sf_runtime.dll
 0001:0000f414       call_sf_machine_global_method_dispatcher 0000000180010414 f   sf_runtime:sf_runtime.dll
 0001:0000f41a       getRuntimeInstanceInfoAsVoid 000000018001041a f   sf_runtime:sf_runtime.dll
 0001:0000f420       sf_mex_error_direct_call   0000000180010420 f   sf_runtime:sf_runtime.dll
 0001:0000f426       sf_clear_error_manager_info 0000000180010426 f   sf_runtime:sf_runtime.dll
 0001:0000f42c       sf_debug_create_debug_instance_struct 000000018001042c f   sf_runtime:sf_runtime.dll
 0001:0000f432       sf_debug_terminate         0000000180010432 f   sf_runtime:sf_runtime.dll
 0001:0000f438       sf_debug_api               0000000180010438 f   sf_runtime:sf_runtime.dll
 0001:0000f43e       mxIsChar                   000000018001043e f   libmx:libmx.dll
 0001:0000f444       mxGetPr                    0000000180010444 f   libmx:libmx.dll
 0001:0000f44a       mxGetScalar                000000018001044a f   libmx:libmx.dll
 0001:0000f450       mxDestroyArray             0000000180010450 f   libmx:libmx.dll
 0001:0000f456       mxCreateDoubleMatrix_730   0000000180010456 f   libmx:libmx.dll
 0001:0000f45c       mxGetString_730            000000018001045c f   libmx:libmx.dll
 0001:0000f462       mxDuplicateArray           0000000180010462 f   libmx:libmx.dll
 0001:0000f468       mxSetField_730             0000000180010468 f   libmx:libmx.dll
 0001:0000f46e       mxCreateDoubleScalar       000000018001046e f   libmx:libmx.dll
 0001:0000f474       mxCreateString             0000000180010474 f   libmx:libmx.dll
 0001:0000f47a       mxCreateCellMatrix_730     000000018001047a f   libmx:libmx.dll
 0001:0000f480       mxCreateCellArray_730      0000000180010480 f   libmx:libmx.dll
 0001:0000f486       mxCreateStructMatrix_730   0000000180010486 f   libmx:libmx.dll
 0001:0000f48c       mxCreateStructArray_730    000000018001048c f   libmx:libmx.dll
 0001:0000f492       mxCalloc                   0000000180010492 f   libmx:libmx.dll
 0001:0000f498       mxGetM                     0000000180010498 f   libmx:libmx.dll
 0001:0000f49e       mxGetClassID               000000018001049e f   libmx:libmx.dll
 0001:0000f4a4       mxIsNumeric                00000001800104a4 f   libmx:libmx.dll
 0001:0000f4aa       mxIsComplex                00000001800104aa f   libmx:libmx.dll
 0001:0000f4b0       mxGetN                     00000001800104b0 f   libmx:libmx.dll
 0001:0000f4b6       mexMakeArrayPersistent     00000001800104b6 f   libmex:libmex.dll
 0001:0000f4bc       mexErrMsgTxt               00000001800104bc f   libmex:libmex.dll
 0001:0000f4c2       mexWarnMsgTxt              00000001800104c2 f   libmex:libmex.dll
 0001:0000f4c8       mexCallMATLABWithObject    00000001800104c8 f   libmex:libmex.dll
 0001:0000f4ce       mexLock                    00000001800104ce f   libmex:libmex.dll
 0001:0000f4d4       mexUnlock                  00000001800104d4 f   libmex:libmex.dll
 0001:0000f4da       mexIsLocked                00000001800104da f   libmex:libmex.dll
 0001:0000f4e0       utMalloc                   00000001800104e0 f   libut:libut.dll
 0001:0000f4e6       utFree                     00000001800104e6 f   libut:libut.dll
 0001:0000f4ec       muDoubleScalarAbs          00000001800104ec f   libmwmathutil:libmwmathutil.dll
 0001:0000f4f2       muDoubleScalarExp          00000001800104f2 f   libmwmathutil:libmwmathutil.dll
 0001:0000f4f8       muDoubleScalarSin          00000001800104f8 f   libmwmathutil:libmwmathutil.dll
 0001:0000f4fe       muDoubleScalarSign         00000001800104fe f   libmwmathutil:libmwmathutil.dll
 0001:0000f504       muDoubleScalarSqrt         0000000180010504 f   libmwmathutil:libmwmathutil.dll
 0001:0000f50c       __raise_securityfailure    000000018001050c f   MSVCRT:gs_report.obj
 0001:0000f540       __report_gsfailure         0000000180010540 f   MSVCRT:gs_report.obj
 0001:0000f614       __report_rangecheckfailure 0000000180010614 f   MSVCRT:gs_report.obj
 0001:0000f628       __report_securityfailure   0000000180010628 f   MSVCRT:gs_report.obj
 0001:0000f6c4       __report_securityfailureEx 00000001800106c4 f   MSVCRT:gs_report.obj
 0001:0000f8b8       __GSHandlerCheck           00000001800108b8 f   MSVCRT:_gshandler_.obj
 0001:0000f8d8       __GSHandlerCheckCommon     00000001800108d8 f   MSVCRT:_gshandler_.obj
 0001:0000f950       __security_check_cookie    0000000180010950 f   MSVCRT:_amdsecgs_.obj
 0001:0000fcd0       _CRT_INIT                  0000000180010cd0 f   MSVCRT:dll_dllmain.obj
 0001:0000fcd8       _DllMainCRTStartup         0000000180010cd8 f   MSVCRT:dll_dllmain.obj
 0001:0000fd18       ??$__crt_fast_decode_pointer@PEAP6AXXZ@@YAPEAP6AXXZQEAP6AXXZ@Z 0000000180010d18 f i MSVCRT:utility.obj
 0001:0000fd30       ??$__crt_fast_encode_pointer@PEAP6AXXZ@@YAPEAP6AXXZQEAP6AXXZ@Z 0000000180010d30 f i MSVCRT:utility.obj
 0001:0000fd50       ?__crt_rotate_pointer_value@@YA_K_KH@Z 0000000180010d50 f i MSVCRT:utility.obj
 0001:0000fdd8       NtCurrentTeb               0000000180010dd8 f i MSVCRT:utility.obj
 0001:0000fde4       __scrt_acquire_startup_lock 0000000180010de4 f   MSVCRT:utility.obj
 0001:0000fe20       __scrt_dllmain_after_initialize_c 0000000180010e20 f   MSVCRT:utility.obj
 0001:0000fe40       __scrt_dllmain_before_initialize_c 0000000180010e40 f   MSVCRT:utility.obj
 0001:0000fe58       __scrt_dllmain_crt_thread_attach 0000000180010e58 f   MSVCRT:utility.obj
 0001:0000fe80       __scrt_dllmain_crt_thread_detach 0000000180010e80 f   MSVCRT:utility.obj
 0001:0000fe98       __scrt_dllmain_exception_filter 0000000180010e98 f   MSVCRT:utility.obj
 0001:0000fefc       __scrt_dllmain_uninitialize_c 0000000180010efc f   MSVCRT:utility.obj
 0001:0000ff2c       __scrt_dllmain_uninitialize_critical 0000000180010f2c f   MSVCRT:utility.obj
 0001:0000ff40       __scrt_initialize_crt      0000000180010f40 f   MSVCRT:utility.obj
 0001:0000ff8c       __scrt_initialize_onexit_tables 0000000180010f8c f   MSVCRT:utility.obj
 0001:00010058       __scrt_is_nonwritable_in_current_image 0000000180011058 f   MSVCRT:utility.obj
 0001:000100f4       __scrt_release_startup_lock 00000001800110f4 f   MSVCRT:utility.obj
 0001:00010118       __scrt_uninitialize_crt    0000000180011118 f   MSVCRT:utility.obj
 0001:00010144       _onexit                    0000000180011144 f   MSVCRT:utility.obj
 0001:00010194       at_quick_exit              0000000180011194 f   MSVCRT:utility.obj
 0001:000101cc       atexit                     00000001800111cc f   MSVCRT:utility.obj
 0001:000101e4       __security_init_cookie     00000001800111e4 f   MSVCRT:gs_support.obj
 0001:00010290       DllMain                    0000000180011290 f   MSVCRT:dll_dllmain_stub.obj
 0001:000102b4       ?__scrt_initialize_type_info@@YAXXZ 00000001800112b4 f   MSVCRT:tncleanup.obj
 0001:000102c4       ?__scrt_uninitialize_type_info@@YAXXZ 00000001800112c4 f   MSVCRT:tncleanup.obj
 0001:000102d0       __local_stdio_scanf_options 00000001800112d0 f i MSVCRT:default_local_stdio_options.obj
 0001:000102d8       __scrt_initialize_default_local_stdio_options 00000001800112d8 f   MSVCRT:default_local_stdio_options.obj
 0001:000102f4       __scrt_get_dyn_tls_init_callback 00000001800112f4 f   MSVCRT:dyn_tls_init.obj
 0001:000102fc       __crt_debugger_hook        00000001800112fc f   MSVCRT:utility_desktop.obj
 0001:00010304       __scrt_fastfail            0000000180011304 f   MSVCRT:utility_desktop.obj
 0001:0001044c       __scrt_get_show_window_mode 000000018001144c f   MSVCRT:utility_desktop.obj
 0001:0001048c       __scrt_initialize_winrt    000000018001148c f   MSVCRT:utility_desktop.obj
 0001:00010490       __scrt_is_managed_app      0000000180011490 f   MSVCRT:utility_desktop.obj
 0001:000104e4       __scrt_set_unhandled_exception_filter 00000001800114e4 f   MSVCRT:utility_desktop.obj
 0001:000104f4       __scrt_unhandled_exception_filter 00000001800114f4 f   MSVCRT:utility_desktop.obj
 0001:0001052c       _RTC_Initialize            000000018001152c f   MSVCRT:_initsect_.obj
 0001:00010578       _RTC_Terminate             0000000180011578 f   MSVCRT:_initsect_.obj
 0001:000105c4       _guard_check_icall         00000001800115c4 f i MSVCRT:checkcfg.obj
 0001:000105cc       __isa_available_init       00000001800115cc f   MSVCRT:_cpu_disp_.obj
 0001:00010790       __scrt_is_ucrt_dll_in_use  0000000180011790 f   MSVCRT:ucrt_detection.obj
 0001:0001079c       _guard_check_icall_nop     000000018001179c f i MSVCRT:guard_support.obj
 0001:000107a0       _guard_icall_checks_enforced 00000001800117a0 f i MSVCRT:guard_support.obj
 0001:000107c0       RtlCaptureContext          00000001800117c0 f   kernel32:KERNEL32.dll
 0001:000107c6       RtlLookupFunctionEntry     00000001800117c6 f   kernel32:KERNEL32.dll
 0001:000107cc       RtlVirtualUnwind           00000001800117cc f   kernel32:KERNEL32.dll
 0001:000107d2       UnhandledExceptionFilter   00000001800117d2 f   kernel32:KERNEL32.dll
 0001:000107d8       SetUnhandledExceptionFilter 00000001800117d8 f   kernel32:KERNEL32.dll
 0001:000107de       GetCurrentProcess          00000001800117de f   kernel32:KERNEL32.dll
 0001:000107e4       TerminateProcess           00000001800117e4 f   kernel32:KERNEL32.dll
 0001:000107ea       IsProcessorFeaturePresent  00000001800117ea f   kernel32:KERNEL32.dll
 0001:000107f0       QueryPerformanceCounter    00000001800117f0 f   kernel32:KERNEL32.dll
 0001:000107f6       GetCurrentProcessId        00000001800117f6 f   kernel32:KERNEL32.dll
 0001:000107fc       GetCurrentThreadId         00000001800117fc f   kernel32:KERNEL32.dll
 0001:00010802       GetSystemTimeAsFileTime    0000000180011802 f   kernel32:KERNEL32.dll
 0001:00010808       DisableThreadLibraryCalls  0000000180011808 f   kernel32:KERNEL32.dll
 0001:0001080e       InitializeSListHead        000000018001180e f   kernel32:KERNEL32.dll
 0001:00010814       IsDebuggerPresent          0000000180011814 f   kernel32:KERNEL32.dll
 0001:0001081a       GetStartupInfoW            000000018001181a f   kernel32:KERNEL32.dll
 0001:00010820       GetModuleHandleW           0000000180011820 f   kernel32:KERNEL32.dll
 0001:00010826       memset                     0000000180011826 f   vcruntime:VCRUNTIME140.dll
 0001:0001082c       memcpy                     000000018001182c f   vcruntime:VCRUNTIME140.dll
 0001:00010832       __telemetry_main_invoke_trigger 0000000180011832 f   vcruntime:VCRUNTIME140.dll
 0001:00010838       __telemetry_main_return_trigger 0000000180011838 f   vcruntime:VCRUNTIME140.dll
 0001:0001083e       __C_specific_handler       000000018001183e f   vcruntime:VCRUNTIME140.dll
 0001:00010844       __std_type_info_destroy_list 0000000180011844 f   vcruntime:VCRUNTIME140.dll
 0001:0001084a       strcmp                     000000018001184a f   ucrt:api-ms-win-crt-string-l1-1-0.dll
 0001:00010850       __stdio_common_vsprintf    0000000180011850 f   ucrt:api-ms-win-crt-stdio-l1-1-0.dll
 0001:00010856       free                       0000000180011856 f   ucrt:api-ms-win-crt-heap-l1-1-0.dll
 0001:0001085c       malloc                     000000018001185c f   ucrt:api-ms-win-crt-heap-l1-1-0.dll
 0001:00010862       strlen                     0000000180011862 f   ucrt:api-ms-win-crt-string-l1-1-0.dll
 0001:00010868       _initterm                  0000000180011868 f   ucrt:api-ms-win-crt-runtime-l1-1-0.dll
 0001:0001086e       _initterm_e                000000018001186e f   ucrt:api-ms-win-crt-runtime-l1-1-0.dll
 0001:00010874       _seh_filter_dll            0000000180011874 f   ucrt:api-ms-win-crt-runtime-l1-1-0.dll
 0001:0001087a       _initialize_narrow_environment 000000018001187a f   ucrt:api-ms-win-crt-runtime-l1-1-0.dll
 0001:00010880       _initialize_onexit_table   0000000180011880 f   ucrt:api-ms-win-crt-runtime-l1-1-0.dll
 0001:00010886       _register_onexit_function  0000000180011886 f   ucrt:api-ms-win-crt-runtime-l1-1-0.dll
 0001:0001088c       _execute_onexit_table      000000018001188c f   ucrt:api-ms-win-crt-runtime-l1-1-0.dll
 0001:00010892       _crt_atexit                0000000180011892 f   ucrt:api-ms-win-crt-runtime-l1-1-0.dll
 0001:00010898       _crt_at_quick_exit         0000000180011898 f   ucrt:api-ms-win-crt-runtime-l1-1-0.dll
 0001:0001089e       _cexit                     000000018001189e f   ucrt:api-ms-win-crt-runtime-l1-1-0.dll
 0001:000108a4       terminate                  00000001800118a4 f   ucrt:api-ms-win-crt-runtime-l1-1-0.dll
 0001:000108ac       __scrt_stub_for_acrt_initialize 00000001800118ac f   MSVCRT:ucrt_stubs.obj
 0001:000108ac       __acrt_initialize          00000001800118ac f   MSVCRT:ucrt_stubs.obj
 0001:000108ac       __vcrt_initialize          00000001800118ac f   MSVCRT:ucrt_stubs.obj
 0001:000108b0       __scrt_stub_for_acrt_thread_attach 00000001800118b0 f   MSVCRT:ucrt_stubs.obj
 0001:000108b0       __acrt_thread_attach       00000001800118b0 f   MSVCRT:ucrt_stubs.obj
 0001:000108b0       __vcrt_thread_attach       00000001800118b0 f   MSVCRT:ucrt_stubs.obj
 0001:000108b4       __vcrt_thread_detach       00000001800118b4 f   MSVCRT:ucrt_stubs.obj
 0001:000108b4       __scrt_stub_for_acrt_thread_detach 00000001800118b4 f   MSVCRT:ucrt_stubs.obj
 0001:000108b4       __acrt_thread_detach       00000001800118b4 f   MSVCRT:ucrt_stubs.obj
 0001:000108b8       __vcrt_uninitialize        00000001800118b8 f   MSVCRT:ucrt_stubs.obj
 0001:000108b8       __acrt_uninitialize        00000001800118b8 f   MSVCRT:ucrt_stubs.obj
 0001:000108b8       __scrt_stub_for_acrt_uninitialize 00000001800118b8 f   MSVCRT:ucrt_stubs.obj
 0001:000108bc       __vcrt_uninitialize_critical 00000001800118bc f   MSVCRT:ucrt_stubs.obj
 0001:000108bc       __acrt_uninitialize_critical 00000001800118bc f   MSVCRT:ucrt_stubs.obj
 0001:000108bc       __scrt_stub_for_acrt_uninitialize_critical 00000001800118bc f   MSVCRT:ucrt_stubs.obj
 0001:000108c0       __scrt_stub_for_is_c_termination_complete 00000001800118c0 f   MSVCRT:ucrt_stubs.obj
 0001:000108c0       _is_c_termination_complete 00000001800118c0 f   MSVCRT:ucrt_stubs.obj
 0001:000108e0       _guard_dispatch_icall_nop  00000001800118e0 f   MSVCRT:_guard_dispatch_.obj
 0002:00000000       __imp_GetStartupInfoW      0000000180012000     kernel32:KERNEL32.dll
 0002:00000008       __imp_TerminateProcess     0000000180012008     kernel32:KERNEL32.dll
 0002:00000010       __imp_RtlCaptureContext    0000000180012010     kernel32:KERNEL32.dll
 0002:00000018       __imp_RtlLookupFunctionEntry 0000000180012018     kernel32:KERNEL32.dll
 0002:00000020       __imp_IsProcessorFeaturePresent 0000000180012020     kernel32:KERNEL32.dll
 0002:00000028       __imp_QueryPerformanceCounter 0000000180012028     kernel32:KERNEL32.dll
 0002:00000030       __imp_GetCurrentProcessId  0000000180012030     kernel32:KERNEL32.dll
 0002:00000038       __imp_GetCurrentThreadId   0000000180012038     kernel32:KERNEL32.dll
 0002:00000040       __imp_GetSystemTimeAsFileTime 0000000180012040     kernel32:KERNEL32.dll
 0002:00000048       __imp_DisableThreadLibraryCalls 0000000180012048     kernel32:KERNEL32.dll
 0002:00000050       __imp_InitializeSListHead  0000000180012050     kernel32:KERNEL32.dll
 0002:00000058       __imp_IsDebuggerPresent    0000000180012058     kernel32:KERNEL32.dll
 0002:00000060       __imp_GetModuleHandleW     0000000180012060     kernel32:KERNEL32.dll
 0002:00000068       __imp_GetCurrentProcess    0000000180012068     kernel32:KERNEL32.dll
 0002:00000070       __imp_RtlVirtualUnwind     0000000180012070     kernel32:KERNEL32.dll
 0002:00000078       __imp_SetUnhandledExceptionFilter 0000000180012078     kernel32:KERNEL32.dll
 0002:00000080       __imp_UnhandledExceptionFilter 0000000180012080     kernel32:KERNEL32.dll
 0002:00000088       \177KERNEL32_NULL_THUNK_DATA 0000000180012088     kernel32:KERNEL32.dll
 0002:00000090       __imp_memcpy               0000000180012090     vcruntime:VCRUNTIME140.dll
 0002:00000098       __imp___telemetry_main_invoke_trigger 0000000180012098     vcruntime:VCRUNTIME140.dll
 0002:000000a0       __imp___std_type_info_destroy_list 00000001800120a0     vcruntime:VCRUNTIME140.dll
 0002:000000a8       __imp___C_specific_handler 00000001800120a8     vcruntime:VCRUNTIME140.dll
 0002:000000b0       __imp___telemetry_main_return_trigger 00000001800120b0     vcruntime:VCRUNTIME140.dll
 0002:000000b8       __imp_memset               00000001800120b8     vcruntime:VCRUNTIME140.dll
 0002:000000c0       \177VCRUNTIME140_NULL_THUNK_DATA 00000001800120c0     vcruntime:VCRUNTIME140.dll
 0002:000000c8       __imp_malloc               00000001800120c8     ucrt:api-ms-win-crt-heap-l1-1-0.dll
 0002:000000d0       __imp_free                 00000001800120d0     ucrt:api-ms-win-crt-heap-l1-1-0.dll
 0002:000000d8       \177api-ms-win-crt-heap-l1-1-0_NULL_THUNK_DATA 00000001800120d8     ucrt:api-ms-win-crt-heap-l1-1-0.dll
 0002:000000e0       __imp__seh_filter_dll      00000001800120e0     ucrt:api-ms-win-crt-runtime-l1-1-0.dll
 0002:000000e8       __imp__initterm_e          00000001800120e8     ucrt:api-ms-win-crt-runtime-l1-1-0.dll
 0002:000000f0       __imp__initialize_narrow_environment 00000001800120f0     ucrt:api-ms-win-crt-runtime-l1-1-0.dll
 0002:000000f8       __imp__initialize_onexit_table 00000001800120f8     ucrt:api-ms-win-crt-runtime-l1-1-0.dll
 0002:00000100       __imp__register_onexit_function 0000000180012100     ucrt:api-ms-win-crt-runtime-l1-1-0.dll
 0002:00000108       __imp__execute_onexit_table 0000000180012108     ucrt:api-ms-win-crt-runtime-l1-1-0.dll
 0002:00000110       __imp__crt_atexit          0000000180012110     ucrt:api-ms-win-crt-runtime-l1-1-0.dll
 0002:00000118       __imp__crt_at_quick_exit   0000000180012118     ucrt:api-ms-win-crt-runtime-l1-1-0.dll
 0002:00000120       __imp__cexit               0000000180012120     ucrt:api-ms-win-crt-runtime-l1-1-0.dll
 0002:00000128       __imp_terminate            0000000180012128     ucrt:api-ms-win-crt-runtime-l1-1-0.dll
 0002:00000130       __imp__initterm            0000000180012130     ucrt:api-ms-win-crt-runtime-l1-1-0.dll
 0002:00000138       \177api-ms-win-crt-runtime-l1-1-0_NULL_THUNK_DATA 0000000180012138     ucrt:api-ms-win-crt-runtime-l1-1-0.dll
 0002:00000140       __imp___stdio_common_vsprintf 0000000180012140     ucrt:api-ms-win-crt-stdio-l1-1-0.dll
 0002:00000148       \177api-ms-win-crt-stdio-l1-1-0_NULL_THUNK_DATA 0000000180012148     ucrt:api-ms-win-crt-stdio-l1-1-0.dll
 0002:00000150       __imp_strlen               0000000180012150     ucrt:api-ms-win-crt-string-l1-1-0.dll
 0002:00000158       __imp_strcmp               0000000180012158     ucrt:api-ms-win-crt-string-l1-1-0.dll
 0002:00000160       \177api-ms-win-crt-string-l1-1-0_NULL_THUNK_DATA 0000000180012160     ucrt:api-ms-win-crt-string-l1-1-0.dll
 0002:00000168       __imp_mexErrMsgTxt         0000000180012168     libmex:libmex.dll
 0002:00000170       __imp_mexWarnMsgTxt        0000000180012170     libmex:libmex.dll
 0002:00000178       __imp_mexCallMATLABWithObject 0000000180012178     libmex:libmex.dll
 0002:00000180       __imp_mexLock              0000000180012180     libmex:libmex.dll
 0002:00000188       __imp_mexMakeArrayPersistent 0000000180012188     libmex:libmex.dll
 0002:00000190       __imp_mexUnlock            0000000180012190     libmex:libmex.dll
 0002:00000198       __imp_mexIsLocked          0000000180012198     libmex:libmex.dll
 0002:000001a0       \177libmex_NULL_THUNK_DATA 00000001800121a0     libmex:libmex.dll
 0002:000001a8       __imp_muDoubleScalarSin    00000001800121a8     libmwmathutil:libmwmathutil.dll
 0002:000001b0       __imp_muDoubleScalarSign   00000001800121b0     libmwmathutil:libmwmathutil.dll
 0002:000001b8       __imp_muDoubleScalarSqrt   00000001800121b8     libmwmathutil:libmwmathutil.dll
 0002:000001c0       __imp_muDoubleScalarExp    00000001800121c0     libmwmathutil:libmwmathutil.dll
 0002:000001c8       __imp_muDoubleScalarAbs    00000001800121c8     libmwmathutil:libmwmathutil.dll
 0002:000001d0       \177libmwmathutil_NULL_THUNK_DATA 00000001800121d0     libmwmathutil:libmwmathutil.dll
 0002:000001d8       __imp_mxGetN               00000001800121d8     libmx:libmx.dll
 0002:000001e0       __imp_mxIsComplex          00000001800121e0     libmx:libmx.dll
 0002:000001e8       __imp_mxIsNumeric          00000001800121e8     libmx:libmx.dll
 0002:000001f0       __imp_mxGetClassID         00000001800121f0     libmx:libmx.dll
 0002:000001f8       __imp_mxGetM               00000001800121f8     libmx:libmx.dll
 0002:00000200       __imp_mxCalloc             0000000180012200     libmx:libmx.dll
 0002:00000208       __imp_mxCreateStructArray_730 0000000180012208     libmx:libmx.dll
 0002:00000210       __imp_mxCreateStructMatrix_730 0000000180012210     libmx:libmx.dll
 0002:00000218       __imp_mxCreateCellArray_730 0000000180012218     libmx:libmx.dll
 0002:00000220       __imp_mxCreateCellMatrix_730 0000000180012220     libmx:libmx.dll
 0002:00000228       __imp_mxCreateString       0000000180012228     libmx:libmx.dll
 0002:00000230       __imp_mxCreateDoubleScalar 0000000180012230     libmx:libmx.dll
 0002:00000238       __imp_mxSetField_730       0000000180012238     libmx:libmx.dll
 0002:00000240       __imp_mxDuplicateArray     0000000180012240     libmx:libmx.dll
 0002:00000248       __imp_mxGetString_730      0000000180012248     libmx:libmx.dll
 0002:00000250       __imp_mxIsChar             0000000180012250     libmx:libmx.dll
 0002:00000258       __imp_mxGetPr              0000000180012258     libmx:libmx.dll
 0002:00000260       __imp_mxGetScalar          0000000180012260     libmx:libmx.dll
 0002:00000268       __imp_mxDestroyArray       0000000180012268     libmx:libmx.dll
 0002:00000270       __imp_mxCreateDoubleMatrix_730 0000000180012270     libmx:libmx.dll
 0002:00000278       \177libmx_NULL_THUNK_DATA  0000000180012278     libmx:libmx.dll
 0002:00000280       __imp_utMalloc             0000000180012280     libut:libut.dll
 0002:00000288       __imp_utFree               0000000180012288     libut:libut.dll
 0002:00000290       \177libut_NULL_THUNK_DATA  0000000180012290     libut:libut.dll
 0002:00000298       __imp_sf_debug_create_debug_instance_struct 0000000180012298     sf_runtime:sf_runtime.dll
 0002:000002a0       __imp_sf_clear_error_manager_info 00000001800122a0     sf_runtime:sf_runtime.dll
 0002:000002a8       __imp_sf_mex_error_direct_call 00000001800122a8     sf_runtime:sf_runtime.dll
 0002:000002b0       __imp_getRuntimeInstanceInfoAsVoid 00000001800122b0     sf_runtime:sf_runtime.dll
 0002:000002b8       __imp_call_sf_machine_global_method_dispatcher 00000001800122b8     sf_runtime:sf_runtime.dll
 0002:000002c0       __imp_callMdlMethodAndReportError 00000001800122c0     sf_runtime:sf_runtime.dll
 0002:000002c8       __imp_sf_get_hasSeparateUpdateOutputs 00000001800122c8     sf_runtime:sf_runtime.dll
 0002:000002d0       __imp_sf_get_ChartInfoStruct_CodeGen 00000001800122d0     sf_runtime:sf_runtime.dll
 0002:000002d8       __imp_sf_debug_cv_init_state 00000001800122d8     sf_runtime:sf_runtime.dll
 0002:000002e0       __imp_sf_debug_cv_init_chart 00000001800122e0     sf_runtime:sf_runtime.dll
 0002:000002e8       __imp_sf_debug_terminate   00000001800122e8     sf_runtime:sf_runtime.dll
 0002:000002f0       __imp_sf_debug_data_range_wrapper 00000001800122f0     sf_runtime:sf_runtime.dll
 0002:000002f8       __imp_sf_debug_set_chart_substate_count 00000001800122f8     sf_runtime:sf_runtime.dll
 0002:00000300       __imp_sf_debug_set_chart_decomposition 0000000180012300     sf_runtime:sf_runtime.dll
 0002:00000308       __imp_sf_debug_set_chart_state_info 0000000180012308     sf_runtime:sf_runtime.dll
 0002:00000310       __imp_sf_debug_set_chart_event_thresholds 0000000180012310     sf_runtime:sf_runtime.dll
 0002:00000318       __imp_sf_debug_set_chart_disable_implicit_casting 0000000180012318     sf_runtime:sf_runtime.dll
 0002:00000320       __imp_sf_debug_set_instance_data_value_ptr 0000000180012320     sf_runtime:sf_runtime.dll
 0002:00000328       __imp_sf_debug_symbol_scope_add_eml_importable 0000000180012328     sf_runtime:sf_runtime.dll
 0002:00000330       __imp_sf_debug_symbol_scope_add_eml 0000000180012330     sf_runtime:sf_runtime.dll
 0002:00000338       __imp_sf_debug_symbol_scope_pop 0000000180012338     sf_runtime:sf_runtime.dll
 0002:00000340       __imp_sf_debug_api         0000000180012340     sf_runtime:sf_runtime.dll
 0002:00000348       __imp_sf_debug_cv_init_trans 0000000180012348     sf_runtime:sf_runtime.dll
 0002:00000350       __imp_sf_debug_symbol_scope_push_eml 0000000180012350     sf_runtime:sf_runtime.dll
 0002:00000358       __imp_sf_debug_symbol_scope_push 0000000180012358     sf_runtime:sf_runtime.dll
 0002:00000360       __imp_sf_debug_set_chart_data_compiled_props 0000000180012360     sf_runtime:sf_runtime.dll
 0002:00000368       __imp_sf_debug_set_chart_data_props 0000000180012368     sf_runtime:sf_runtime.dll
 0002:00000370       __imp_sf_debug_check_for_state_inconsistency 0000000180012370     sf_runtime:sf_runtime.dll
 0002:00000378       __imp_sf_debug_reset_current_state_configuration 0000000180012378     sf_runtime:sf_runtime.dll
 0002:00000380       __imp_cv_eml_init_relational 0000000180012380     sf_runtime:sf_runtime.dll
 0002:00000388       __imp_cv_eml_init_if       0000000180012388     sf_runtime:sf_runtime.dll
 0002:00000390       __imp_cv_eml_init_fcn      0000000180012390     sf_runtime:sf_runtime.dll
 0002:00000398       __imp_cv_eml_init_script   0000000180012398     sf_runtime:sf_runtime.dll
 0002:000003a0       __imp_cv_eval_relational   00000001800123a0     sf_runtime:sf_runtime.dll
 0002:000003a8       __imp_cv_eml_eval          00000001800123a8     sf_runtime:sf_runtime.dll
 0002:000003b0       __imp_eml_debug_line_call  00000001800123b0     sf_runtime:sf_runtime.dll
 0002:000003b8       __imp_sf_debug_call        00000001800123b8     sf_runtime:sf_runtime.dll
 0002:000003c0       __imp_sf_debug_initialize_chart 00000001800123c0     sf_runtime:sf_runtime.dll
 0002:000003c8       __imp_ssGetOutputPortSignal_wrapper 00000001800123c8     sf_runtime:sf_runtime.dll
 0002:000003d0       __imp_ssGetInputPortSignal_wrapper 00000001800123d0     sf_runtime:sf_runtime.dll
 0002:000003d8       __imp_sf_mex_decode_encoded_mx_struct_array 00000001800123d8     sf_runtime:sf_runtime.dll
 0002:000003e0       __imp_sf_mex_import        00000001800123e0     sf_runtime:sf_runtime.dll
 0002:000003e8       __imp_sf_mex_destroy       00000001800123e8     sf_runtime:sf_runtime.dll
 0002:000003f0       __imp_sf_mex_dup           00000001800123f0     sf_runtime:sf_runtime.dll
 0002:000003f8       __imp_sf_mex_assign        00000001800123f8     sf_runtime:sf_runtime.dll
 0002:00000400       __imp_sf_mex_getcell       0000000180012400     sf_runtime:sf_runtime.dll
 0002:00000408       __imp_sf_mex_setcell       0000000180012408     sf_runtime:sf_runtime.dll
 0002:00000410       __imp_sf_mex_createcellmatrix 0000000180012410     sf_runtime:sf_runtime.dll
 0002:00000418       __imp_sf_mex_create        0000000180012418     sf_runtime:sf_runtime.dll
 0002:00000420       __imp_sf_mex_error_message 0000000180012420     sf_runtime:sf_runtime.dll
 0002:00000428       __imp_sf_mex_call_debug    0000000180012428     sf_runtime:sf_runtime.dll
 0002:00000430       __imp_ssSetBlockIsPurelyCombinatorial_wrapper 0000000180012430     sf_runtime:sf_runtime.dll
 0002:00000438       __imp_sf_register_codegen_names_for_scoped_functions_defined_by_chart 0000000180012438     sf_runtime:sf_runtime.dll
 0002:00000440       __imp_sf_set_chart_accesses_machine_info 0000000180012440     sf_runtime:sf_runtime.dll
 0002:00000448       __imp_sf_is_first_init_cond 0000000180012448     sf_runtime:sf_runtime.dll
 0002:00000450       __imp_sf_get_time          0000000180012450     sf_runtime:sf_runtime.dll
 0002:00000458       __imp_sf_set_rtw_dwork_info 0000000180012458     sf_runtime:sf_runtime.dll
 0002:00000460       __imp_sf_clear_rtw_identifier 0000000180012460     sf_runtime:sf_runtime.dll
 0002:00000468       __imp_sim_mode_is_modelref_sim 0000000180012468     sf_runtime:sf_runtime.dll
 0002:00000470       __imp_sim_mode_is_external 0000000180012470     sf_runtime:sf_runtime.dll
 0002:00000478       __imp_sim_mode_is_rtw_gen  0000000180012478     sf_runtime:sf_runtime.dll
 0002:00000480       __imp_sf_mark_chart_expressionable_inputs 0000000180012480     sf_runtime:sf_runtime.dll
 0002:00000488       __imp_sf_mark_chart_reusable_outputs 0000000180012488     sf_runtime:sf_runtime.dll
 0002:00000490       __imp_sf_is_chart_inlinable 0000000180012490     sf_runtime:sf_runtime.dll
 0002:00000498       __imp_sf_update_buildInfo  0000000180012498     sf_runtime:sf_runtime.dll
 0002:000004a0       __imp_sf_rtw_info_uint_prop 00000001800124a0     sf_runtime:sf_runtime.dll
 0002:000004a8       __imp_sf_get_chart_instance_ptr 00000001800124a8     sf_runtime:sf_runtime.dll
 0002:000004b0       __imp_sfrtGetEmlrtCtx      00000001800124b0     sf_runtime:sf_runtime.dll
 0002:000004b8       __imp_sf_free_ChartRunTimeInfo 00000001800124b8     sf_runtime:sf_runtime.dll
 0002:000004c0       __imp_sf_init_ChartRunTimeInfo 00000001800124c0     sf_runtime:sf_runtime.dll
 0002:000004c8       __imp_sf_debug_set_machine_data_thresholds 00000001800124c8     sf_runtime:sf_runtime.dll
 0002:000004d0       __imp_sf_debug_set_machine_event_thresholds 00000001800124d0     sf_runtime:sf_runtime.dll
 0002:000004d8       __imp_sf_debug_initialize_machine 00000001800124d8     sf_runtime:sf_runtime.dll
 0002:000004e0       __imp_sf_load_rtw_optimization_info 00000001800124e0     sf_runtime:sf_runtime.dll
 0002:000004e8       \177sf_runtime_NULL_THUNK_DATA 00000001800124e8     sf_runtime:sf_runtime.dll
 0002:000004f0       __guard_check_icall_fptr   00000001800124f0     MSVCRT:guard_support.obj
 0002:000004f8       __guard_dispatch_icall_fptr 00000001800124f8     MSVCRT:guard_support.obj
 0002:00000500       __xc_a                     0000000180012500     MSVCRT:initializers.obj
 0002:00000508       __xc_z                     0000000180012508     MSVCRT:initializers.obj
 0002:00000510       __xi_a                     0000000180012510     MSVCRT:initializers.obj
 0002:00000518       __xi_z                     0000000180012518     MSVCRT:initializers.obj
 0002:00000520       __xp_a                     0000000180012520     MSVCRT:initializers.obj
 0002:00000528       __xp_z                     0000000180012528     MSVCRT:initializers.obj
 0002:00000530       __xt_a                     0000000180012530     MSVCRT:initializers.obj
 0002:00000538       __xt_z                     0000000180012538     MSVCRT:initializers.obj
 0002:00000540       __real@418509aaf0000000    0000000180012540     slidemodecontrol_sfun.obj
 0002:00000548       __real@41b6cb0ade000000    0000000180012548     slidemodecontrol_sfun.obj
 0002:00000550       __real@41bcb3ffa6000000    0000000180012550     slidemodecontrol_sfun.obj
 0002:00000558       __real@41c13583ba800000    0000000180012558     slidemodecontrol_sfun.obj
 0002:00000560       __real@41ced3bf04000000    0000000180012560     slidemodecontrol_sfun.obj
 0002:00000568       __real@41d734a3cec00000    0000000180012568     slidemodecontrol_sfun.obj
 0002:00000570       __real@41da8ac472400000    0000000180012570     slidemodecontrol_sfun.obj
 0002:00000578       __real@41e27292ca800000    0000000180012578     slidemodecontrol_sfun.obj
 0002:00000580       __real@41e87a7300a00000    0000000180012580     slidemodecontrol_sfun.obj
 0002:00000588       __real@41ec679f00c00000    0000000180012588     slidemodecontrol_sfun.obj
 0002:00000590       __real@41ed4b84e9000000    0000000180012590     slidemodecontrol_sfun.obj
 0002:00000598       __real@41ed9c3f15a00000    0000000180012598     slidemodecontrol_sfun.obj
 0002:000005a0       __real@3f847ae147ae147b    00000001800125a0     c6_slidemodecontrol.obj
 0002:000005a8       __real@3fbced916872b021    00000001800125a8     c6_slidemodecontrol.obj
 0002:000005b0       __real@3fe0000000000000    00000001800125b0     c6_slidemodecontrol.obj
 0002:000005b8       __real@3ff0000000000000    00000001800125b8     c6_slidemodecontrol.obj
 0002:000005c0       __real@3ff399999999999a    00000001800125c0     c6_slidemodecontrol.obj
 0002:000005c8       __real@3ff4cccccccccccd    00000001800125c8     c6_slidemodecontrol.obj
 0002:000005d0       __real@4000000000000000    00000001800125d0     c6_slidemodecontrol.obj
 0002:000005d8       __real@4014000000000000    00000001800125d8     c6_slidemodecontrol.obj
 0002:000005e0       __real@401987e6a3e37483    00000001800125e0     c6_slidemodecontrol.obj
 0002:000005e8       __real@40239eb851eb851f    00000001800125e8     c6_slidemodecontrol.obj
 0002:000005f0       __real@4024000000000000    00000001800125f0     c6_slidemodecontrol.obj
 0002:000005f8       __real@407f2f3333333333    00000001800125f8     c6_slidemodecontrol.obj
 0002:00000600       __real@40bc980000000000    0000000180012600     c6_slidemodecontrol.obj
 0002:00000608       __real@41584e1040000000    0000000180012608     c6_slidemodecontrol.obj
 0002:00000610       __real@41e077dede000000    0000000180012610     c6_slidemodecontrol.obj
 0002:00000618       __real@41e391a843800000    0000000180012618     c6_slidemodecontrol.obj
 0002:00000620       __real@41e74fc0a8c00000    0000000180012620     c6_slidemodecontrol.obj
 0002:00000628       __real@41ec21f4c3600000    0000000180012628     c6_slidemodecontrol.obj
 0002:00000630       __real@42f6a30f6905824b    0000000180012630     c6_slidemodecontrol.obj
 0002:00000638       __real@bf23bbea72450cc5    0000000180012638     c6_slidemodecontrol.obj
 0002:00000640       __real@bfa36e2eb1c432ca    0000000180012640     c6_slidemodecontrol.obj
 0002:00000650       __xmm@80000000000000008000000000000000 0000000180012650     c6_slidemodecontrol.obj
 0002:00000660       DYNAMIC_DIMENSION_DEF      0000000180012660     slidemodecontrol_sfun_registry.obj
 0002:00000678       __real@0000000000000000    0000000180012678     slidemodecontrol_sfun_registry.obj
 0002:00000680       __real@4010000000000000    0000000180012680     slidemodecontrol_sfun_registry.obj
 0002:00000688       __real@41602cbca0000000    0000000180012688     slidemodecontrol_sfun_registry.obj
 0002:00000690       __real@bff0000000000000    0000000180012690     slidemodecontrol_sfun_registry.obj
 0002:000006a8       _pRawDllMain               00000001800126a8     MSVCRT:dll_dllmain.obj
 0002:000006a8       _pDefaultRawDllMain        00000001800126a8     MSVCRT:dll_dllmain.obj
 0002:000006d0       _load_config_used          00000001800126d0     MSVCRT:loadcfg.obj
 0002:00000990       __rtc_iaa                  0000000180012990     MSVCRT:_initsect_.obj
 0002:00000998       __rtc_izz                  0000000180012998     MSVCRT:_initsect_.obj
 0002:000009a0       __rtc_taa                  00000001800129a0     MSVCRT:_initsect_.obj
 0002:000009a8       __rtc_tzz                  00000001800129a8     MSVCRT:_initsect_.obj
 0002:000012a0       __IMPORT_DESCRIPTOR_sf_runtime 00000001800132a0     sf_runtime:sf_runtime.dll
 0002:000012b4       __IMPORT_DESCRIPTOR_libmx  00000001800132b4     libmx:libmx.dll
 0002:000012c8       __IMPORT_DESCRIPTOR_libmex 00000001800132c8     libmex:libmex.dll
 0002:000012dc       __IMPORT_DESCRIPTOR_libut  00000001800132dc     libut:libut.dll
 0002:000012f0       __IMPORT_DESCRIPTOR_libmwmathutil 00000001800132f0     libmwmathutil:libmwmathutil.dll
 0002:00001304       __IMPORT_DESCRIPTOR_KERNEL32 0000000180013304     kernel32:KERNEL32.dll
 0002:00001318       __IMPORT_DESCRIPTOR_VCRUNTIME140 0000000180013318     vcruntime:VCRUNTIME140.dll
 0002:0000132c       __IMPORT_DESCRIPTOR_api-ms-win-crt-string-l1-1-0 000000018001332c     ucrt:api-ms-win-crt-string-l1-1-0.dll
 0002:00001340       __IMPORT_DESCRIPTOR_api-ms-win-crt-stdio-l1-1-0 0000000180013340     ucrt:api-ms-win-crt-stdio-l1-1-0.dll
 0002:00001354       __IMPORT_DESCRIPTOR_api-ms-win-crt-heap-l1-1-0 0000000180013354     ucrt:api-ms-win-crt-heap-l1-1-0.dll
 0002:00001368       __IMPORT_DESCRIPTOR_api-ms-win-crt-runtime-l1-1-0 0000000180013368     ucrt:api-ms-win-crt-runtime-l1-1-0.dll
 0002:0000137c       __NULL_IMPORT_DESCRIPTOR   000000018001337c     sf_runtime:sf_runtime.dll
 0003:00002160       DYNAMIC_DIMENSION          0000000180017160     slidemodecontrol_sfun_registry.obj
 0003:00002dd0       __security_cookie          0000000180017dd0     MSVCRT:gs_cookie.obj
 0003:00002dd8       __security_cookie_complement 0000000180017dd8     MSVCRT:gs_cookie.obj
 0003:00002de0       _fltused                   0000000180017de0     MSVCRT:dllsupp.obj
 0003:00002de4       __scrt_native_dllmain_reason 0000000180017de4     MSVCRT:utility.obj
 0003:00002de8       __isa_available            0000000180017de8     MSVCRT:_cpu_disp_.obj
 0003:00002dec       __isa_enabled              0000000180017dec     MSVCRT:_cpu_disp_.obj
 0003:00002df0       __memcpy_nt_iters          0000000180017df0     MSVCRT:_cpu_disp_.obj
 0003:00002e00       __scrt_ucrt_dll_is_in_use  0000000180017e00     MSVCRT:ucrt_stubs.obj
 0003:00002e30       sfGlobalDebugInstanceStruct 0000000180017e30     slidemodecontrol_sfun_registry.obj
 0003:000043b8       __scrt_current_native_startup_state 00000001800193b8     MSVCRT:utility.obj
 0003:000043c0       __scrt_native_startup_lock 00000001800193c0     MSVCRT:utility.obj
 0003:00004400       ?__type_info_root_node@@3U__type_info_node@@A 0000000180019400     MSVCRT:tncleanup.obj
 0003:00004410       ?_OptionsStorage@?1??__local_stdio_printf_options@@9@4_KA 0000000180019410     MSVCRT:default_local_stdio_options.obj
 0003:00004418       ?_OptionsStorage@?1??__local_stdio_scanf_options@@9@4_KA 0000000180019418     MSVCRT:default_local_stdio_options.obj
 0003:00004420       __scrt_debugger_hook_flag  0000000180019420     MSVCRT:utility_desktop.obj
 0003:00004424       __favor                    0000000180019424     MSVCRT:_cpu_disp_.obj
 0003:00004428       ?_OptionsStorage@?1??__local_stdio_printf_options@@9@9 0000000180019428     <common>
 0003:00004430       _slidemodecontrolMachineNumber_ 0000000180019430     <common>
 0003:00004438       __dyn_tls_init_callback    0000000180019438     <common>

 entry point at        0001:0000fcd8

 Static symbols

 0000:00000000       .debug$S                   0000000180000000     sf_runtime:sf_runtime.dll
 0000:00000000       .debug$S                   0000000180000000     slidemodecontrol_sfun.exp
 0000:00000000       .debug$S                   0000000180000000     sf_runtime:sf_runtime.dll
 0000:00000000       .debug$S                   0000000180000000     sf_runtime:sf_runtime.dll
 0000:00000000       .debug$S                   0000000180000000     sf_runtime:sf_runtime.dll
 0000:00000000       .debug$S                   0000000180000000     sf_runtime:sf_runtime.dll
 0000:00000000       .debug$S                   0000000180000000     sf_runtime:sf_runtime.dll
 0000:00000000       .debug$S                   0000000180000000     sf_runtime:sf_runtime.dll
 0000:00000000       .debug$S                   0000000180000000     ucrt:api-ms-win-crt-heap-l1-1-0.dll
 0000:00000000       .debug$S                   0000000180000000     ucrt:api-ms-win-crt-heap-l1-1-0.dll
 0000:00000000       .debug$S                   0000000180000000     ucrt:api-ms-win-crt-runtime-l1-1-0.dll
 0000:00000000       .debug$S                   0000000180000000     ucrt:api-ms-win-crt-runtime-l1-1-0.dll
 0000:00000000       .debug$S                   0000000180000000     ucrt:api-ms-win-crt-runtime-l1-1-0.dll
 0000:00000000       .debug$S                   0000000180000000     ucrt:api-ms-win-crt-runtime-l1-1-0.dll
 0000:00000000       .debug$S                   0000000180000000     ucrt:api-ms-win-crt-runtime-l1-1-0.dll
 0000:00000000       .debug$S                   0000000180000000     ucrt:api-ms-win-crt-runtime-l1-1-0.dll
 0000:00000000       .debug$S                   0000000180000000     ucrt:api-ms-win-crt-runtime-l1-1-0.dll
 0000:00000000       .debug$S                   0000000180000000     ucrt:api-ms-win-crt-runtime-l1-1-0.dll
 0000:00000000       .debug$S                   0000000180000000     ucrt:api-ms-win-crt-runtime-l1-1-0.dll
 0000:00000000       .debug$S                   0000000180000000     ucrt:api-ms-win-crt-runtime-l1-1-0.dll
 0000:00000000       .debug$S                   0000000180000000     ucrt:api-ms-win-crt-runtime-l1-1-0.dll
 0000:00000000       .debug$S                   0000000180000000     sf_runtime:sf_runtime.dll
 0000:00000000       .debug$S                   0000000180000000     ucrt:api-ms-win-crt-stdio-l1-1-0.dll
 0000:00000000       .debug$S                   0000000180000000     sf_runtime:sf_runtime.dll
 0000:00000000       .debug$S                   0000000180000000     ucrt:api-ms-win-crt-string-l1-1-0.dll
 0000:00000000       .debug$S                   0000000180000000     ucrt:api-ms-win-crt-string-l1-1-0.dll
 0000:00000000       .debug$S                   0000000180000000     sf_runtime:sf_runtime.dll
 0000:00000000       .debug$S                   0000000180000000     vcruntime:VCRUNTIME140.dll
 0000:00000000       .debug$S                   0000000180000000     vcruntime:VCRUNTIME140.dll
 0000:00000000       .debug$S                   0000000180000000     vcruntime:VCRUNTIME140.dll
 0000:00000000       .debug$S                   0000000180000000     vcruntime:VCRUNTIME140.dll
 0000:00000000       .debug$S                   0000000180000000     vcruntime:VCRUNTIME140.dll
 0000:00000000       .debug$S                   0000000180000000     vcruntime:VCRUNTIME140.dll
 0000:00000000       .debug$S                   0000000180000000     sf_runtime:sf_runtime.dll
 0000:00000000       .debug$S                   0000000180000000     kernel32:KERNEL32.dll
 0000:00000000       .debug$S                   0000000180000000     kernel32:KERNEL32.dll
 0000:00000000       .debug$S                   0000000180000000     kernel32:KERNEL32.dll
 0000:00000000       .debug$S                   0000000180000000     kernel32:KERNEL32.dll
 0000:00000000       .debug$S                   0000000180000000     kernel32:KERNEL32.dll
 0000:00000000       .debug$S                   0000000180000000     kernel32:KERNEL32.dll
 0000:00000000       .debug$S                   0000000180000000     kernel32:KERNEL32.dll
 0000:00000000       .debug$S                   0000000180000000     kernel32:KERNEL32.dll
 0000:00000000       .debug$S                   0000000180000000     kernel32:KERNEL32.dll
 0000:00000000       .debug$S                   0000000180000000     kernel32:KERNEL32.dll
 0000:00000000       .debug$S                   0000000180000000     kernel32:KERNEL32.dll
 0000:00000000       .debug$S                   0000000180000000     kernel32:KERNEL32.dll
 0000:00000000       .debug$S                   0000000180000000     kernel32:KERNEL32.dll
 0000:00000000       .debug$S                   0000000180000000     kernel32:KERNEL32.dll
 0000:00000000       .debug$S                   0000000180000000     kernel32:KERNEL32.dll
 0000:00000000       .debug$S                   0000000180000000     kernel32:KERNEL32.dll
 0000:00000000       .debug$S                   0000000180000000     kernel32:KERNEL32.dll
 0000:00000000       .debug$S                   0000000180000000     sf_runtime:sf_runtime.dll
 0000:00000000       .debug$S                   0000000180000000     sf_runtime:sf_runtime.dll
 0000:00000000       .debug$S                   0000000180000000     sf_runtime:sf_runtime.dll
 0000:00000000       .debug$S                   0000000180000000     sf_runtime:sf_runtime.dll
 0000:00000000       .debug$S                   0000000180000000     sf_runtime:sf_runtime.dll
 0000:00000000       .debug$S                   0000000180000000     sf_runtime:sf_runtime.dll
 0000:00000000       .debug$S                   0000000180000000     sf_runtime:sf_runtime.dll
 0000:00000000       .debug$S                   0000000180000000     sf_runtime:sf_runtime.dll
 0000:00000000       .debug$S                   0000000180000000     sf_runtime:sf_runtime.dll
 0000:00000000       .debug$S                   0000000180000000     sf_runtime:sf_runtime.dll
 0000:00000000       .debug$S                   0000000180000000     sf_runtime:sf_runtime.dll
 0000:00000000       .debug$S                   0000000180000000     sf_runtime:sf_runtime.dll
 0000:00000000       .debug$S                   0000000180000000     sf_runtime:sf_runtime.dll
 0000:00000000       .debug$S                   0000000180000000     sf_runtime:sf_runtime.dll
 0000:00000000       .debug$S                   0000000180000000     sf_runtime:sf_runtime.dll
 0000:00000000       .debug$S                   0000000180000000     sf_runtime:sf_runtime.dll
 0000:00000000       .debug$S                   0000000180000000     sf_runtime:sf_runtime.dll
 0000:00000000       .debug$S                   0000000180000000     sf_runtime:sf_runtime.dll
 0000:00000000       .debug$S                   0000000180000000     sf_runtime:sf_runtime.dll
 0000:00000000       .debug$S                   0000000180000000     sf_runtime:sf_runtime.dll
 0000:00000000       .debug$S                   0000000180000000     sf_runtime:sf_runtime.dll
 0000:00000000       .debug$S                   0000000180000000     sf_runtime:sf_runtime.dll
 0000:00000000       .debug$S                   0000000180000000     sf_runtime:sf_runtime.dll
 0000:00000000       .debug$S                   0000000180000000     sf_runtime:sf_runtime.dll
 0000:00000000       .debug$S                   0000000180000000     sf_runtime:sf_runtime.dll
 0000:00000000       .debug$S                   0000000180000000     sf_runtime:sf_runtime.dll
 0000:00000000       .debug$S                   0000000180000000     sf_runtime:sf_runtime.dll
 0000:00000000       .debug$S                   0000000180000000     sf_runtime:sf_runtime.dll
 0000:00000000       .debug$S                   0000000180000000     sf_runtime:sf_runtime.dll
 0000:00000000       .debug$S                   0000000180000000     sf_runtime:sf_runtime.dll
 0000:00000000       .debug$S                   0000000180000000     sf_runtime:sf_runtime.dll
 0000:00000000       .debug$S                   0000000180000000     libmx:libmx.dll
 0000:00000000       .debug$S                   0000000180000000     sf_runtime:sf_runtime.dll
 0000:00000000       .debug$S                   0000000180000000     sf_runtime:sf_runtime.dll
 0000:00000000       .debug$S                   0000000180000000     sf_runtime:sf_runtime.dll
 0000:00000000       .debug$S                   0000000180000000     sf_runtime:sf_runtime.dll
 0000:00000000       .debug$S                   0000000180000000     sf_runtime:sf_runtime.dll
 0000:00000000       .debug$S                   0000000180000000     sf_runtime:sf_runtime.dll
 0000:00000000       .debug$S                   0000000180000000     sf_runtime:sf_runtime.dll
 0000:00000000       .debug$S                   0000000180000000     sf_runtime:sf_runtime.dll
 0000:00000000       .debug$S                   0000000180000000     sf_runtime:sf_runtime.dll
 0000:00000000       .debug$S                   0000000180000000     sf_runtime:sf_runtime.dll
 0000:00000000       .debug$S                   0000000180000000     sf_runtime:sf_runtime.dll
 0000:00000000       .debug$S                   0000000180000000     sf_runtime:sf_runtime.dll
 0000:00000000       .debug$S                   0000000180000000     sf_runtime:sf_runtime.dll
 0000:00000000       .debug$S                   0000000180000000     sf_runtime:sf_runtime.dll
 0000:00000000       .debug$S                   0000000180000000     sf_runtime:sf_runtime.dll
 0000:00000000       .debug$S                   0000000180000000     sf_runtime:sf_runtime.dll
 0000:00000000       .debug$S                   0000000180000000     sf_runtime:sf_runtime.dll
 0000:00000000       .debug$S                   0000000180000000     sf_runtime:sf_runtime.dll
 0000:00000000       .debug$S                   0000000180000000     sf_runtime:sf_runtime.dll
 0000:00000000       .debug$S                   0000000180000000     sf_runtime:sf_runtime.dll
 0000:00000000       .debug$S                   0000000180000000     sf_runtime:sf_runtime.dll
 0000:00000000       .debug$S                   0000000180000000     sf_runtime:sf_runtime.dll
 0000:00000000       .debug$S                   0000000180000000     sf_runtime:sf_runtime.dll
 0000:00000000       .debug$S                   0000000180000000     sf_runtime:sf_runtime.dll
 0000:00000000       .debug$S                   0000000180000000     sf_runtime:sf_runtime.dll
 0000:00000000       .debug$S                   0000000180000000     sf_runtime:sf_runtime.dll
 0000:00000000       .debug$S                   0000000180000000     sf_runtime:sf_runtime.dll
 0000:00000000       .debug$S                   0000000180000000     sf_runtime:sf_runtime.dll
 0000:00000000       .debug$S                   0000000180000000     sf_runtime:sf_runtime.dll
 0000:00000000       .debug$S                   0000000180000000     sf_runtime:sf_runtime.dll
 0000:00000000       .debug$S                   0000000180000000     sf_runtime:sf_runtime.dll
 0000:00000000       .debug$S                   0000000180000000     libmwmathutil:libmwmathutil.dll
 0000:00000000       .debug$S                   0000000180000000     libmwmathutil:libmwmathutil.dll
 0000:00000000       .debug$S                   0000000180000000     libmwmathutil:libmwmathutil.dll
 0000:00000000       .debug$S                   0000000180000000     libmwmathutil:libmwmathutil.dll
 0000:00000000       .debug$S                   0000000180000000     libmwmathutil:libmwmathutil.dll
 0000:00000000       .debug$S                   0000000180000000     sf_runtime:sf_runtime.dll
 0000:00000000       .debug$S                   0000000180000000     libut:libut.dll
 0000:00000000       .debug$S                   0000000180000000     libut:libut.dll
 0000:00000000       .debug$S                   0000000180000000     libmx:libmx.dll
 0000:00000000       .debug$S                   0000000180000000     libmex:libmex.dll
 0000:00000000       .debug$S                   0000000180000000     libmex:libmex.dll
 0000:00000000       .debug$S                   0000000180000000     libmex:libmex.dll
 0000:00000000       .debug$S                   0000000180000000     libmex:libmex.dll
 0000:00000000       .debug$S                   0000000180000000     libmex:libmex.dll
 0000:00000000       .debug$S                   0000000180000000     libmex:libmex.dll
 0000:00000000       .debug$S                   0000000180000000     libmex:libmex.dll
 0000:00000000       .debug$S                   0000000180000000     libmx:libmx.dll
 0000:00000000       .debug$S                   0000000180000000     libmx:libmx.dll
 0000:00000000       .debug$S                   0000000180000000     libmx:libmx.dll
 0000:00000000       .debug$S                   0000000180000000     libmx:libmx.dll
 0000:00000000       .debug$S                   0000000180000000     libmx:libmx.dll
 0000:00000000       .debug$S                   0000000180000000     libmx:libmx.dll
 0000:00000000       .debug$S                   0000000180000000     libmx:libmx.dll
 0000:00000000       .debug$S                   0000000180000000     libmx:libmx.dll
 0000:00000000       .debug$S                   0000000180000000     libmx:libmx.dll
 0000:00000000       .debug$S                   0000000180000000     libmx:libmx.dll
 0000:00000000       .debug$S                   0000000180000000     libmx:libmx.dll
 0000:00000000       .debug$S                   0000000180000000     libmx:libmx.dll
 0000:00000000       .debug$S                   0000000180000000     libmx:libmx.dll
 0000:00000000       .debug$S                   0000000180000000     libmx:libmx.dll
 0000:00000000       .debug$S                   0000000180000000     libmx:libmx.dll
 0000:00000000       .debug$S                   0000000180000000     libmx:libmx.dll
 0000:00000000       .debug$S                   0000000180000000     libmx:libmx.dll
 0000:00000000       .debug$S                   0000000180000000     libmx:libmx.dll
 0001:000011c0       chart_debug_initialization 00000001800021c0 f   c6_slidemodecontrol.obj
 0001:00001ca0       chart_debug_initialize_data_addresses 0000000180002ca0 f   c6_slidemodecontrol.obj
 0001:00001ed0       initialize_c6_slidemodecontrol 0000000180002ed0 f   c6_slidemodecontrol.obj
 0001:00001f40       initialize_params_c6_slidemodecontrol 0000000180002f40 f   c6_slidemodecontrol.obj
 0001:00001f50       enable_c6_slidemodecontrol 0000000180002f50 f   c6_slidemodecontrol.obj
 0001:00001f80       disable_c6_slidemodecontrol 0000000180002f80 f   c6_slidemodecontrol.obj
 0001:00001fb0       c6_update_debugger_state_c6_slidemodecontrol 0000000180002fb0 f   c6_slidemodecontrol.obj
 0001:00001fc0       get_sim_state_c6_slidemodecontrol 0000000180002fc0 f   c6_slidemodecontrol.obj
 0001:00002130       set_sim_state_c6_slidemodecontrol 0000000180003130 f   c6_slidemodecontrol.obj
 0001:000021f0       finalize_c6_slidemodecontrol 00000001800031f0 f   c6_slidemodecontrol.obj
 0001:00002200       sf_gateway_c6_slidemodecontrol 0000000180003200 f   c6_slidemodecontrol.obj
 0001:00003f90       mdl_start_c6_slidemodecontrol 0000000180004f90 f   c6_slidemodecontrol.obj
 0001:00003fc0       initSimStructsc6_slidemodecontrol 0000000180004fc0 f   c6_slidemodecontrol.obj
 0001:00003fd0       init_script_number_translation 0000000180004fd0 f   c6_slidemodecontrol.obj
 0001:00003ff0       c6_sf_marshallOut          0000000180004ff0 f   c6_slidemodecontrol.obj
 0001:000040a0       c6_emlrt_marshallIn        00000001800050a0 f   c6_slidemodecontrol.obj
 0001:00004110       c6_b_emlrt_marshallIn      0000000180005110 f   c6_slidemodecontrol.obj
 0001:000041a0       c6_sf_marshallIn           00000001800051a0 f   c6_slidemodecontrol.obj
 0001:00004240       c6_error                   0000000180005240 f   c6_slidemodecontrol.obj
 0001:00004390       c6_d_emlrt_marshallIn      0000000180005390 f   c6_slidemodecontrol.obj
 0001:00004400       c6_e_emlrt_marshallIn      0000000180005400 f   c6_slidemodecontrol.obj
 0001:00004490       init_dsm_address_info      0000000180005490 f   c6_slidemodecontrol.obj
 0001:000044a0       init_simulink_io_address   00000001800054a0 f   c6_slidemodecontrol.obj
 0001:00005190       sf_get_sim_state_info_c6_slidemodecontrol 0000000180006190 f   c6_slidemodecontrol.obj
 0001:00005260       sf_get_instance_specialization 0000000180006260 f   c6_slidemodecontrol.obj
 0001:00005270       sf_opaque_initialize_c6_slidemodecontrol 0000000180006270 f   c6_slidemodecontrol.obj
 0001:000052b0       sf_opaque_enable_c6_slidemodecontrol 00000001800062b0 f   c6_slidemodecontrol.obj
 0001:000052d0       sf_opaque_disable_c6_slidemodecontrol 00000001800062d0 f   c6_slidemodecontrol.obj
 0001:000052f0       sf_opaque_gateway_c6_slidemodecontrol 00000001800062f0 f   c6_slidemodecontrol.obj
 0001:00005310       sf_opaque_get_sim_state_c6_slidemodecontrol 0000000180006310 f   c6_slidemodecontrol.obj
 0001:00005340       sf_opaque_set_sim_state_c6_slidemodecontrol 0000000180006340 f   c6_slidemodecontrol.obj
 0001:00005370       sf_opaque_terminate_c6_slidemodecontrol 0000000180006370 f   c6_slidemodecontrol.obj
 0001:00005410       mdlProcessParameters_c6_slidemodecontrol 0000000180006410 f   c6_slidemodecontrol.obj
 0001:000054d0       mdlSetWorkWidths_c6_slidemodecontrol 00000001800064d0 f   c6_slidemodecontrol.obj
 0001:00005cb0       mdlRTW_c6_slidemodecontrol 0000000180006cb0 f   c6_slidemodecontrol.obj
 0001:00005cf0       mdlStart_c6_slidemodecontrol 0000000180006cf0 f   c6_slidemodecontrol.obj
 0001:0000842c       $LN180                     000000018000942c     slidemodecontrol_sfun_registry.obj
 0001:0000a5f4       $LN17                      000000018000b5f4     slidemodecontrol_sfun_registry.obj
 0001:0000ab7c       $LN26                      000000018000bb7c     slidemodecontrol_sfun_registry.obj
 0001:0000b264       $LN23                      000000018000c264     slidemodecontrol_sfun_registry.obj
 0001:0000b834       $LN26                      000000018000c834     slidemodecontrol_sfun_registry.obj
 0001:0000d4e0       sf_debug_api_wrapper       000000018000e4e0 f   slidemodecontrol_sfun_registry.obj
 0001:0000d530       ProcessMexSfunctionCmdLineCall 000000018000e530 f   slidemodecontrol_sfun_registry.obj
 0001:0000d8a0       mdlSetWorkWidths           000000018000e8a0 f   slidemodecontrol_sfun_registry.obj
 0001:0000d8f0       mdlProcessParameters       000000018000e8f0 f   slidemodecontrol_sfun_registry.obj
 0001:0000d920       mdl_start_processing       000000018000e920 f   slidemodecontrol_sfun_registry.obj
 0001:0000d980       mdl_terminate_processing   000000018000e980 f   slidemodecontrol_sfun_registry.obj
 0001:0000da40       mdlStart                   000000018000ea40 f   slidemodecontrol_sfun_registry.obj
 0001:0000da70       mdlTerminate               000000018000ea70 f   slidemodecontrol_sfun_registry.obj
 0001:0000daa0       mdlInitializeSizes         000000018000eaa0 f   slidemodecontrol_sfun_registry.obj
 0001:0000dad0       mdlInitializeSampleTimes   000000018000ead0 f   slidemodecontrol_sfun_registry.obj
 0001:0000db00       mdl_outputs_continuous_legacy 000000018000eb00 f   slidemodecontrol_sfun_registry.obj
[...]
 0004:000001bc       $pdata$sf_opaque_enable_c6_slidemodecontrol 000000018001a1bc     c6_slidemodecontrol.obj
 0004:000001c8       $pdata$sf_opaque_disable_c6_slidemodecontrol 000000018001a1c8     c6_slidemodecontrol.obj
 0004:000001d4       $pdata$sf_opaque_gateway_c6_slidemodecontrol 000000018001a1d4     c6_slidemodecontrol.obj
 0004:000001e0       $pdata$sf_opaque_get_sim_state_c6_slidemodecontrol 000000018001a1e0     c6_slidemodecontrol.obj
 0004:000001ec       $pdata$sf_opaque_set_sim_state_c6_slidemodecontrol 000000018001a1ec     c6_slidemodecontrol.obj
 0004:000001f8       $pdata$sf_opaque_terminate_c6_slidemodecontrol 000000018001a1f8     c6_slidemodecontrol.obj
 0004:00000204       $pdata$mdlProcessParameters_c6_slidemodecontrol 000000018001a204     c6_slidemodecontrol.obj
 0004:00000210       $pdata$mdlSetWorkWidths_c6_slidemodecontrol 000000018001a210     c6_slidemodecontrol.obj
 0004:0000021c       $pdata$mdlRTW_c6_slidemodecontrol 000000018001a21c     c6_slidemodecontrol.obj
 0004:00000228       $pdata$mdlStart_c6_slidemodecontrol 000000018001a228     c6_slidemodecontrol.obj
 0004:00000234       $pdata$mexFunction         000000018001a234     slidemodecontrol_sfun_registry.obj
 0004:00000240       $pdata$_ssSetInputPortDirectFeedThroughFcn 000000018001a240     slidemodecontrol_sfun_registry.obj
 0004:0000024c       $pdata$_ssGetInputPortSignalPtrsFcn 000000018001a24c     slidemodecontrol_sfun_registry.obj
 0004:00000258       $pdata$_ssGetInputPortSignalFcn 000000018001a258     slidemodecontrol_sfun_registry.obj
 0004:00000264       $pdata$_ssSetInputPortReusableFcn 000000018001a264     slidemodecontrol_sfun_registry.obj
 0004:00000270       $pdata$_ssSetOutputPortReusableFcn 000000018001a270     slidemodecontrol_sfun_registry.obj
 0004:0000027c       $pdata$_ssSetSymbolicDimsSupport 000000018001a27c     slidemodecontrol_sfun_registry.obj
 0004:00000288       $pdata$_ssRegisterSymbolicDimsExpr 000000018001a288     slidemodecontrol_sfun_registry.obj
 0004:00000294       $pdata$_ssRegisterSymbolicDims 000000018001a294     slidemodecontrol_sfun_registry.obj
 0004:000002a0       $pdata$_ssRegisterSymbolicDimsString 000000018001a2a0     slidemodecontrol_sfun_registry.obj
 0004:000002ac       $pdata$_ssRegisterSymbolicDimsIntValue 000000018001a2ac     slidemodecontrol_sfun_registry.obj
 0004:000002b8       $pdata$_ssRegisterSymbolicDimsPlus 000000018001a2b8     slidemodecontrol_sfun_registry.obj
 0004:000002c4       $pdata$_ssRegisterSymbolicDimsMinus 000000018001a2c4     slidemodecontrol_sfun_registry.obj
 0004:000002d0       $pdata$_ssRegisterSymbolicDimsMultiply 000000018001a2d0     slidemodecontrol_sfun_registry.obj
 0004:000002dc       $pdata$_ssRegisterSymbolicDimsDivide 000000018001a2dc     slidemodecontrol_sfun_registry.obj
 0004:000002e8       $pdata$_ssGetNumSymbolicDims 000000018001a2e8     slidemodecontrol_sfun_registry.obj
 0004:000002f4       $pdata$_ssGetSymbolicDim   000000018001a2f4     slidemodecontrol_sfun_registry.obj
 0004:00000300       $pdata$_ssSetInputPortSymbolicDimsId 000000018001a300     slidemodecontrol_sfun_registry.obj
 0004:0000030c       $pdata$_ssGetCompInputPortSymbolicDimsId 000000018001a30c     slidemodecontrol_sfun_registry.obj
 0004:00000318       $pdata$_ssSetCompInputPortSymbolicDimsId 000000018001a318     slidemodecontrol_sfun_registry.obj
 0004:00000324       $pdata$_ssSetOutputPortSymbolicDimsId 000000018001a324     slidemodecontrol_sfun_registry.obj
 0004:00000330       $pdata$_ssGetCompOutputPortSymbolicDimsId 000000018001a330     slidemodecontrol_sfun_registry.obj
 0004:0000033c       $pdata$_ssSetCompOutputPortSymbolicDimsId 000000018001a33c     slidemodecontrol_sfun_registry.obj
 0004:00000348       $pdata$_ssSetCompDWorkSymbolicDimsId 000000018001a348     slidemodecontrol_sfun_registry.obj
 0004:00000354       $pdata$ssGetIsZeroCrossControlDisabled 000000018001a354     slidemodecontrol_sfun_registry.obj
 0004:00000360       $pdata$ssSetIsInputPortUsedForContZcSignal 000000018001a360     slidemodecontrol_sfun_registry.obj
 0004:0000036c       $pdata$ssSetZcSignalIsZcElementDisc 000000018001a36c     slidemodecontrol_sfun_registry.obj
 0004:00000378       $pdata$ssSetZcSignalName   000000018001a378     slidemodecontrol_sfun_registry.obj
 0004:00000384       $pdata$ssSetZcSignalWidth  000000018001a384     slidemodecontrol_sfun_registry.obj
 0004:00000390       $pdata$ssSetZcSignalZcEventType 000000018001a390     slidemodecontrol_sfun_registry.obj
 0004:0000039c       $pdata$ssSetZcSignalType   000000018001a39c     slidemodecontrol_sfun_registry.obj
 0004:000003a8       $pdata$ssSetZcSignalZcTol  000000018001a3a8     slidemodecontrol_sfun_registry.obj
 0004:000003b4       $pdata$ssSetZcSignalNeedsEventNotification 000000018001a3b4     slidemodecontrol_sfun_registry.obj
 0004:000003c0       $pdata$ssCreateAndAddZcSignalInfo 000000018001a3c0     slidemodecontrol_sfun_registry.obj
 0004:000003cc       $pdata$ssCloneAndAddZcSignalInfo 000000018001a3cc     slidemodecontrol_sfun_registry.obj
 0004:000003d8       $pdata$ssGetNumZcSignals   000000018001a3d8     slidemodecontrol_sfun_registry.obj
 0004:000003e4       $pdata$ssGetZcSignalVector 000000018001a3e4     slidemodecontrol_sfun_registry.obj
 0004:000003f0       $pdata$ssGetZcSignalName   000000018001a3f0     slidemodecontrol_sfun_registry.obj
 0004:000003fc       $pdata$ssGetZcSignalWidth  000000018001a3fc     slidemodecontrol_sfun_registry.obj
 0004:00000408       $pdata$ssGetZcSignalZcEventType 000000018001a408     slidemodecontrol_sfun_registry.obj
 0004:00000414       $pdata$ssGetZcSignalZcEvents 000000018001a414     slidemodecontrol_sfun_registry.obj
 0004:00000420       $pdata$ssGetZcSignalType   000000018001a420     slidemodecontrol_sfun_registry.obj
 0004:0000042c       $pdata$ssGetZcSignalZcTol  000000018001a42c     slidemodecontrol_sfun_registry.obj
 0004:00000438       $pdata$ssGetZcSignalNeedsEventNotification 000000018001a438     slidemodecontrol_sfun_registry.obj
 0004:00000444       $pdata$ssGetZcSignalIsZcElementDisc 000000018001a444     slidemodecontrol_sfun_registry.obj
 0004:00000450       $pdata$ssGetIsInputPortElementContinuous 000000018001a450     slidemodecontrol_sfun_registry.obj
 0004:0000045c       $pdata$_ssSetIWorkValueFcn 000000018001a45c     slidemodecontrol_sfun_registry.obj
 0004:00000468       $pdata$_ssGetIWorkValueFcn 000000018001a468     slidemodecontrol_sfun_registry.obj
 0004:00000474       $pdata$_ssSetRWorkValueFcn 000000018001a474     slidemodecontrol_sfun_registry.obj
 0004:00000480       $pdata$_ssGetRWorkValueFcn 000000018001a480     slidemodecontrol_sfun_registry.obj
 0004:0000048c       $pdata$_ssSetPWorkValueFcn 000000018001a48c     slidemodecontrol_sfun_registry.obj
 0004:00000498       $pdata$_ssGetPWorkValueFcn 000000018001a498     slidemodecontrol_sfun_registry.obj
 0004:000004a4       $pdata$ssGetDTypeIdFromMxArray 000000018001a4a4     slidemodecontrol_sfun_registry.obj
 0004:000004b0       $pdata$ssWriteRTWStr       000000018001a4b0     slidemodecontrol_sfun_registry.obj
 0004:000004bc       $pdata$ssWriteRTWNameValuePair 000000018001a4bc     slidemodecontrol_sfun_registry.obj
 0004:000004c8       $pdata$ssWriteRTWParamSettings 000000018001a4c8     slidemodecontrol_sfun_registry.obj
 0004:000004d4       $pdata$ssWriteRTWParameters 000000018001a4d4     slidemodecontrol_sfun_registry.obj
 0004:000004e0       $pdata$ssWriteRTWWorkVect  000000018001a4e0     slidemodecontrol_sfun_registry.obj
 0004:000004ec       $pdata$ssWriteRTWMxVectParam 000000018001a4ec     slidemodecontrol_sfun_registry.obj
 0004:000004f8       $pdata$ssWriteRTWMx2dMatParam 000000018001a4f8     slidemodecontrol_sfun_registry.obj
 0004:00000504       $pdata$_ssSetInputPortMatrixDimensions 000000018001a504     slidemodecontrol_sfun_registry.obj
 0004:00000510       $pdata$_ssSetOutputPortMatrixDimensions 000000018001a510     slidemodecontrol_sfun_registry.obj
 0004:0000051c       $pdata$_ssSetInputPortVectorDimension 000000018001a51c     slidemodecontrol_sfun_registry.obj
 0004:00000528       $pdata$_ssSetOutputPortVectorDimension 000000018001a528     slidemodecontrol_sfun_registry.obj
 0004:00000534       $pdata$ssIsRunTimeParamTunable 000000018001a534     slidemodecontrol_sfun_registry.obj
 0004:00000540       $pdata$ssGetSFuncBlockHandle 000000018001a540     slidemodecontrol_sfun_registry.obj
 0004:0000054c       $pdata$_ssGetCurrentInputPortWidth 000000018001a54c     slidemodecontrol_sfun_registry.obj
 0004:00000558       $pdata$_ssGetCurrentOutputPortWidth 000000018001a558     slidemodecontrol_sfun_registry.obj
 0004:00000564       $pdata$_ssGetCallSystemNumFcnCallDestinations 000000018001a564     slidemodecontrol_sfun_registry.obj
 0004:00000570       $pdata$ssGetParameterTuningCompliance 000000018001a570     slidemodecontrol_sfun_registry.obj
 0004:0000057c       $pdata$ssWarning           000000018001a57c     slidemodecontrol_sfun_registry.obj
 0004:00000588       $pdata$_ssGetAbsTol        000000018001a588     slidemodecontrol_sfun_registry.obj
 0004:00000594       $pdata$sf_process_check_sum_call 000000018001a594     slidemodecontrol_sfun_registry.obj
 0004:000005a0       $pdata$sf_process_autoinheritance_call 000000018001a5a0     slidemodecontrol_sfun_registry.obj
 0004:000005ac       $pdata$sf_process_get_third_party_uses_info_call 000000018001a5ac     slidemodecontrol_sfun_registry.obj
 0004:000005b8       $pdata$sf_process_get_jit_fallback_info_call 000000018001a5b8     slidemodecontrol_sfun_registry.obj
 0004:000005c4       $pdata$sf_process_get_updateBuildInfo_args_info_call 000000018001a5c4     slidemodecontrol_sfun_registry.obj
 0004:000005d0       $pdata$sf_process_get_eml_resolved_functions_info_call 000000018001a5d0     slidemodecontrol_sfun_registry.obj
 0004:000005dc       $pdata$sf_mex_unlock_call  000000018001a5dc     slidemodecontrol_sfun_registry.obj
 0004:000005e8       $pdata$sf_debug_api_wrapper 000000018001a5e8     slidemodecontrol_sfun_registry.obj
 0004:000005f4       $pdata$ProcessMexSfunctionCmdLineCall 000000018001a5f4     slidemodecontrol_sfun_registry.obj
 0004:00000600       $pdata$sf_machine_global_initializer_called 000000018001a600     slidemodecontrol_sfun_registry.obj
 0004:0000060c       $pdata$sf_machine_global_method_dispatcher 000000018001a60c     slidemodecontrol_sfun_registry.obj
 0004:00000618       $pdata$sf_machine_global_terminator 000000018001a618     slidemodecontrol_sfun_registry.obj
 0004:00000624       $pdata$sf_register_machine_exported_symbols 000000018001a624     slidemodecontrol_sfun_registry.obj
 0004:00000630       $pdata$sf_machine_global_initializer 000000018001a630     slidemodecontrol_sfun_registry.obj
 0004:0000063c       $pdata$mdlGetSimState      000000018001a63c     slidemodecontrol_sfun_registry.obj
 0004:00000648       $pdata$mdlSetSimState      000000018001a648     slidemodecontrol_sfun_registry.obj
 0004:00000654       $pdata$mdlSetWorkWidths    000000018001a654     slidemodecontrol_sfun_registry.obj
 0004:00000660       $pdata$mdlProcessParameters 000000018001a660     slidemodecontrol_sfun_registry.obj
 0004:0000066c       $pdata$mdl_start_processing 000000018001a66c     slidemodecontrol_sfun_registry.obj
 0004:00000678       $pdata$mdl_terminate_processing 000000018001a678     slidemodecontrol_sfun_registry.obj
 0004:00000684       $pdata$mdlStart            000000018001a684     slidemodecontrol_sfun_registry.obj
 0004:00000690       $pdata$mdlTerminate        000000018001a690     slidemodecontrol_sfun_registry.obj
 0004:0000069c       $pdata$mdlInitializeSizes  000000018001a69c     slidemodecontrol_sfun_registry.obj
 0004:000006a8       $pdata$mdlInitializeSampleTimes 000000018001a6a8     slidemodecontrol_sfun_registry.obj
 0004:000006b4       $pdata$mdl_outputs_continuous_legacy 000000018001a6b4     slidemodecontrol_sfun_registry.obj
 0004:000006c0       $pdata$mdl_outputs_processing 000000018001a6c0     slidemodecontrol_sfun_registry.obj
 0004:000006cc       $pdata$mdl_zeroCrossings_processing 000000018001a6cc     slidemodecontrol_sfun_registry.obj
 0004:000006d8       $pdata$mdlZeroCrossings    000000018001a6d8     slidemodecontrol_sfun_registry.obj
 0004:000006e4       $pdata$mdl_derivatives_processing 000000018001a6e4     slidemodecontrol_sfun_registry.obj
 0004:000006f0       $pdata$mdlDerivatives      000000018001a6f0     slidemodecontrol_sfun_registry.obj
 0004:000006fc       $pdata$mdl_initialize_conditions_processing 000000018001a6fc     slidemodecontrol_sfun_registry.obj
 0004:00000708       $pdata$mdlInitializeConditions 000000018001a708     slidemodecontrol_sfun_registry.obj
 0004:00000714       $pdata$mdl_ext_mode_exec_processing 000000018001a714     slidemodecontrol_sfun_registry.obj
 0004:00000720       $pdata$mdlExtModeExec      000000018001a720     slidemodecontrol_sfun_registry.obj
 0004:0000072c       $pdata$mdlRTW              000000018001a72c     slidemodecontrol_sfun_registry.obj
 0004:00000738       $pdata$mdl_enable_processing 000000018001a738     slidemodecontrol_sfun_registry.obj
 0004:00000744       $pdata$mdlEnable           000000018001a744     slidemodecontrol_sfun_registry.obj
 0004:00000750       $pdata$mdl_disable_processing 000000018001a750     slidemodecontrol_sfun_registry.obj
 0004:0000075c       $pdata$mdlDisable          000000018001a75c     slidemodecontrol_sfun_registry.obj
 0004:00000768       $pdata$mdlOutputs          000000018001a768     slidemodecontrol_sfun_registry.obj
 0004:00000774       $pdata$mdl_update_processing 000000018001a774     slidemodecontrol_sfun_registry.obj
 0004:00000780       $pdata$mdlUpdate           000000018001a780     slidemodecontrol_sfun_registry.obj
 0004:0000078c       $pdata$ProcessMexSfunctionEveryCall 000000018001a78c     slidemodecontrol_sfun_registry.obj
 0004:00000798       $pdata$_RegNumInputPortsCB 000000018001a798     slidemodecontrol_sfun_registry.obj
 0004:000007a4       $pdata$_RegNumOutputPortsCB 000000018001a7a4     slidemodecontrol_sfun_registry.obj
 0004:000007b0       $pdata$_CreateSimStruct    000000018001a7b0     slidemodecontrol_sfun_registry.obj
 0004:000007bc       $pdata$_ProcessMexSfunctionCmdLineCall 000000018001a7bc     slidemodecontrol_sfun_registry.obj
 0004:000007c8       $pdata$ReportIndexOutOfBoundsError 000000018001a7c8     slidemodecontrol_sfun_registry.obj
 0004:000007d4       $pdata$_vsnprintf_l        000000018001a7d4     slidemodecontrol_sfun_registry.obj
 0004:000007e0       $pdata$_vsprintf_l         000000018001a7e0     slidemodecontrol_sfun_registry.obj
 0004:000007ec       $pdata$sprintf             000000018001a7ec     slidemodecontrol_sfun_registry.obj
 0004:000007f8       $pdata$__raise_securityfailure 000000018001a7f8     MSVCRT:gs_report.obj
 0004:00000804       $pdata$__report_gsfailure  000000018001a804     MSVCRT:gs_report.obj
 0004:00000810       $pdata$__report_rangecheckfailure 000000018001a810     MSVCRT:gs_report.obj
 0004:0000081c       $pdata$__report_securityfailure 000000018001a81c     MSVCRT:gs_report.obj
 0004:00000828       $pdata$__report_securityfailureEx 000000018001a828     MSVCRT:gs_report.obj
 0004:00000834       $pdata$capture_current_context 000000018001a834     MSVCRT:gs_report.obj
 0004:00000840       $pdata$capture_previous_context 000000018001a840     MSVCRT:gs_report.obj
 0004:0000084c       $pdata$__GSHandlerCheck    000000018001a84c     MSVCRT:_gshandler_.obj
 0004:00000858       $pdata$__GSHandlerCheckCommon 000000018001a858     MSVCRT:_gshandler_.obj
 0004:00000870       $pdata$?dllmain_crt_dispatch@@YAHQEAUHINSTANCE__@@KQEAX@Z 000000018001a870     MSVCRT:dll_dllmain.obj
 0004:0000087c       $pdata$?dllmain_crt_process_attach@@YAHQEAUHINSTANCE__@@QEAX@Z 000000018001a87c     MSVCRT:dll_dllmain.obj
 0004:00000888       $pdata$?dllmain_crt_process_detach@@YAH_N@Z 000000018001a888     MSVCRT:dll_dllmain.obj
 0004:00000894       $pdata$?dllmain_dispatch@@YAHQEAUHINSTANCE__@@KQEAX@Z 000000018001a894     MSVCRT:dll_dllmain.obj
 0004:000008a0       $pdata$?dllmain_raw@@YAHQEAUHINSTANCE__@@KQEAX@Z 000000018001a8a0     MSVCRT:dll_dllmain.obj
 0004:000008ac       $pdata$_DllMainCRTStartup  000000018001a8ac     MSVCRT:dll_dllmain.obj
 0004:000008b8       $pdata$__scrt_acquire_startup_lock 000000018001a8b8     MSVCRT:utility.obj
 0004:000008c4       $pdata$__scrt_dllmain_after_initialize_c 000000018001a8c4     MSVCRT:utility.obj
 0004:000008d0       $pdata$__scrt_dllmain_before_initialize_c 000000018001a8d0     MSVCRT:utility.obj
 0004:000008dc       $pdata$__scrt_dllmain_crt_thread_attach 000000018001a8dc     MSVCRT:utility.obj
 0004:000008e8       $pdata$__scrt_dllmain_crt_thread_detach 000000018001a8e8     MSVCRT:utility.obj
 0004:000008f4       $pdata$__scrt_dllmain_exception_filter 000000018001a8f4     MSVCRT:utility.obj
 0004:00000900       $pdata$__scrt_dllmain_uninitialize_c 000000018001a900     MSVCRT:utility.obj
 0004:0000090c       $pdata$__scrt_dllmain_uninitialize_critical 000000018001a90c     MSVCRT:utility.obj
 0004:00000918       $pdata$__scrt_initialize_crt 000000018001a918     MSVCRT:utility.obj
 0004:00000924       $pdata$__scrt_initialize_onexit_tables 000000018001a924     MSVCRT:utility.obj
 0004:00000930       $pdata$__scrt_is_nonwritable_in_current_image 000000018001a930     MSVCRT:utility.obj
 0004:0000093c       $pdata$__scrt_release_startup_lock 000000018001a93c     MSVCRT:utility.obj
 0004:00000948       $pdata$__scrt_uninitialize_crt 000000018001a948     MSVCRT:utility.obj
 0004:00000954       $pdata$_onexit             000000018001a954     MSVCRT:utility.obj
 0004:00000960       $pdata$atexit              000000018001a960     MSVCRT:utility.obj
 0004:0000096c       $pdata$__security_init_cookie 000000018001a96c     MSVCRT:gs_support.obj
 0004:00000978       $pdata$DllMain             000000018001a978     MSVCRT:dll_dllmain_stub.obj
 0004:00000984       $pdata$__scrt_initialize_default_local_stdio_options 000000018001a984     MSVCRT:default_local_stdio_options.obj
 0004:00000990       $pdata$__scrt_fastfail     000000018001a990     MSVCRT:utility_desktop.obj
 0004:0000099c       $pdata$__scrt_get_show_window_mode 000000018001a99c     MSVCRT:utility_desktop.obj
 0004:000009a8       $pdata$__scrt_is_managed_app 000000018001a9a8     MSVCRT:utility_desktop.obj
 0004:000009b4       $pdata$__scrt_unhandled_exception_filter 000000018001a9b4     MSVCRT:utility_desktop.obj
 0004:000009c0       $pdata$_RTC_Initialize     000000018001a9c0     MSVCRT:_initsect_.obj
 0004:000009cc       $pdata$_RTC_Terminate      000000018001a9cc     MSVCRT:_initsect_.obj
 0004:000009d8       $pdata$__isa_available_init 000000018001a9d8     MSVCRT:_cpu_disp_.obj
 0004:000009f0       $pdata$?fin$0@?0??dllmain_crt_process_attach@@YAHQEAUHINSTANCE__@@QEAX@Z@4HA 000000018001a9f0     MSVCRT:dll_dllmain.obj
 0004:000009fc       $pdata$?fin$0@?0??dllmain_crt_process_detach@@YAH_N@Z@4HA 000000018001a9fc     MSVCRT:dll_dllmain.obj
 0004:00000a08       $pdata$?filt$0@?0??dllmain_dispatch@@YAHQEAUHINSTANCE__@@KQEAX@Z@4HA 000000018001aa08     MSVCRT:dll_dllmain.obj
 0004:00000a14       $pdata$__scrt_is_nonwritable_in_current_image$filt$0 000000018001aa14     MSVCRT:utility.obj
 0005:00000000       __guard_fids_?dllmain_crt_process_attach@@YAHQEAUHINSTANCE__@@QEAX@Z 000000018001b000     MSVCRT:dll_dllmain.obj
 0005:00000008       __guard_fids_?dllmain_dispatch@@YAHQEAUHINSTANCE__@@KQEAX@Z 000000018001b008     MSVCRT:dll_dllmain.obj
 0005:0000000c       __guard_fids___scrt_set_unhandled_exception_filter 000000018001b00c     MSVCRT:utility_desktop.obj
 0005:00000010       __guard_fids__             000000018001b010     MSVCRT:guard_support.obj
 0005:00000014       __guard_fids__guard_icall_checks_enforced 000000018001b014     MSVCRT:guard_support.obj
